Archive member included to satisfy reference by file (symbol)

C:/Users/hoobs/.pico-sdk/toolchain/14_2_Rel1/bin/../lib/gcc/arm-none-eabi/14.2.1/thumb/v6-m/nofp\libgcc.a(_dvmd_tls.o)
                              CMakeFiles/designlab.dir/C_/Users/hoobs/.pico-sdk/sdk/2.2.0/src/rp2_common/pico_divider/divider_hardware.S.obj (__aeabi_idiv0)
C:/Users/hoobs/.pico-sdk/toolchain/14_2_Rel1/bin/../lib/gcc/arm-none-eabi/14.2.1/thumb/v6-m/nofp\libg.a(libc_a-calloc.o)
                              CMakeFiles/designlab.dir/C_/Users/hoobs/.pico-sdk/sdk/2.2.0/src/rp2_common/pico_malloc/malloc.c.obj (calloc)
C:/Users/hoobs/.pico-sdk/toolchain/14_2_Rel1/bin/../lib/gcc/arm-none-eabi/14.2.1/thumb/v6-m/nofp\libg.a(libc_a-callocr.o)
                              C:/Users/hoobs/.pico-sdk/toolchain/14_2_Rel1/bin/../lib/gcc/arm-none-eabi/14.2.1/thumb/v6-m/nofp\libg.a(libc_a-calloc.o) (_calloc_r)
C:/Users/hoobs/.pico-sdk/toolchain/14_2_Rel1/bin/../lib/gcc/arm-none-eabi/14.2.1/thumb/v6-m/nofp\libg.a(libc_a-malloc.o)
                              CMakeFiles/designlab.dir/C_/Users/hoobs/.pico-sdk/sdk/2.2.0/src/rp2_common/pico_malloc/malloc.c.obj (malloc)
C:/Users/hoobs/.pico-sdk/toolchain/14_2_Rel1/bin/../lib/gcc/arm-none-eabi/14.2.1/thumb/v6-m/nofp\libg.a(libc_a-mallocr.o)
                              C:/Users/hoobs/.pico-sdk/toolchain/14_2_Rel1/bin/../lib/gcc/arm-none-eabi/14.2.1/thumb/v6-m/nofp\libg.a(libc_a-callocr.o) (_malloc_r)
C:/Users/hoobs/.pico-sdk/toolchain/14_2_Rel1/bin/../lib/gcc/arm-none-eabi/14.2.1/thumb/v6-m/nofp\libg.a(libc_a-mlock.o)
                              C:/Users/hoobs/.pico-sdk/toolchain/14_2_Rel1/bin/../lib/gcc/arm-none-eabi/14.2.1/thumb/v6-m/nofp\libg.a(libc_a-mallocr.o) (__malloc_lock)
C:/Users/hoobs/.pico-sdk/toolchain/14_2_Rel1/bin/../lib/gcc/arm-none-eabi/14.2.1/thumb/v6-m/nofp\libg.a(libc_a-realloc.o)
                              CMakeFiles/designlab.dir/C_/Users/hoobs/.pico-sdk/sdk/2.2.0/src/rp2_common/pico_malloc/malloc.c.obj (realloc)
C:/Users/hoobs/.pico-sdk/toolchain/14_2_Rel1/bin/../lib/gcc/arm-none-eabi/14.2.1/thumb/v6-m/nofp\libg.a(libc_a-reallocr.o)
                              C:/Users/hoobs/.pico-sdk/toolchain/14_2_Rel1/bin/../lib/gcc/arm-none-eabi/14.2.1/thumb/v6-m/nofp\libg.a(libc_a-realloc.o) (_realloc_r)
C:/Users/hoobs/.pico-sdk/toolchain/14_2_Rel1/bin/../lib/gcc/arm-none-eabi/14.2.1/thumb/v6-m/nofp\libg.a(libc_a-scanf.o)
                              CMakeFiles/designlab.dir/designlab.c.obj (scanf)
C:/Users/hoobs/.pico-sdk/toolchain/14_2_Rel1/bin/../lib/gcc/arm-none-eabi/14.2.1/thumb/v6-m/nofp\libg.a(libc_a-memcmp.o)
                              CMakeFiles/designlab.dir/C_/Users/hoobs/.pico-sdk/sdk/2.2.0/src/rp2_common/pico_atomic/atomic.c.obj (memcmp)
C:/Users/hoobs/.pico-sdk/toolchain/14_2_Rel1/bin/../lib/gcc/arm-none-eabi/14.2.1/thumb/v6-m/nofp\libg.a(libc_a-memmove.o)
                              C:/Users/hoobs/.pico-sdk/toolchain/14_2_Rel1/bin/../lib/gcc/arm-none-eabi/14.2.1/thumb/v6-m/nofp\libg.a(libc_a-reallocr.o) (memmove)
C:/Users/hoobs/.pico-sdk/toolchain/14_2_Rel1/bin/../lib/gcc/arm-none-eabi/14.2.1/thumb/v6-m/nofp\libg.a(libc_a-lcltime_r.o)
                              CMakeFiles/designlab.dir/C_/Users/hoobs/.pico-sdk/sdk/2.2.0/src/common/pico_util/datetime.c.obj (localtime_r)
C:/Users/hoobs/.pico-sdk/toolchain/14_2_Rel1/bin/../lib/gcc/arm-none-eabi/14.2.1/thumb/v6-m/nofp\libg.a(libc_a-mktime.o)
                              CMakeFiles/designlab.dir/C_/Users/hoobs/.pico-sdk/sdk/2.2.0/src/common/pico_util/datetime.c.obj (mktime)
C:/Users/hoobs/.pico-sdk/toolchain/14_2_Rel1/bin/../lib/gcc/arm-none-eabi/14.2.1/thumb/v6-m/nofp\libg.a(libc_a-month_lengths.o)
                              C:/Users/hoobs/.pico-sdk/toolchain/14_2_Rel1/bin/../lib/gcc/arm-none-eabi/14.2.1/thumb/v6-m/nofp\libg.a(libc_a-lcltime_r.o) (__month_lengths)
C:/Users/hoobs/.pico-sdk/toolchain/14_2_Rel1/bin/../lib/gcc/arm-none-eabi/14.2.1/thumb/v6-m/nofp\libg.a(libc_a-tzcalc_limits.o)
                              C:/Users/hoobs/.pico-sdk/toolchain/14_2_Rel1/bin/../lib/gcc/arm-none-eabi/14.2.1/thumb/v6-m/nofp\libg.a(libc_a-lcltime_r.o) (__tzcalc_limits)
C:/Users/hoobs/.pico-sdk/toolchain/14_2_Rel1/bin/../lib/gcc/arm-none-eabi/14.2.1/thumb/v6-m/nofp\libg.a(libc_a-tzlock.o)
                              C:/Users/hoobs/.pico-sdk/toolchain/14_2_Rel1/bin/../lib/gcc/arm-none-eabi/14.2.1/thumb/v6-m/nofp\libg.a(libc_a-lcltime_r.o) (__tz_lock)
C:/Users/hoobs/.pico-sdk/toolchain/14_2_Rel1/bin/../lib/gcc/arm-none-eabi/14.2.1/thumb/v6-m/nofp\libg.a(libc_a-tzset.o)
                              C:/Users/hoobs/.pico-sdk/toolchain/14_2_Rel1/bin/../lib/gcc/arm-none-eabi/14.2.1/thumb/v6-m/nofp\libg.a(libc_a-lcltime_r.o) (_tzset_unlocked)
C:/Users/hoobs/.pico-sdk/toolchain/14_2_Rel1/bin/../lib/gcc/arm-none-eabi/14.2.1/thumb/v6-m/nofp\libg.a(libc_a-tzset_r.o)
[...]
Memory Configuration

Name             Origin             Length             Attributes
FLASH            0x10000000         0x00200000         xr
RAM              0x20000000         0x00040000         xrw
SCRATCH_X        0x20040000         0x00001000         xrw
SCRATCH_Y        0x20041000         0x00001000         xrw
*default*        0x00000000         0xffffffff

Linker script and memory map

LOAD C:/Users/hoobs/.pico-sdk/toolchain/14_2_Rel1/bin/../lib/gcc/arm-none-eabi/14.2.1/thumb/v6-m/nofp/crti.o
LOAD C:/Users/hoobs/.pico-sdk/toolchain/14_2_Rel1/bin/../lib/gcc/arm-none-eabi/14.2.1/thumb/v6-m/nofp/crtbegin.o
LOAD C:/Users/hoobs/.pico-sdk/toolchain/14_2_Rel1/bin/../lib/gcc/arm-none-eabi/14.2.1/thumb/v6-m/nofp/crt0.o

.flash_begin    0x10000000        0x0
                0x10000000                        __flash_binary_start = .

.boot2          0x10000000      0x100
                0x10000000                        __boot2_start__ = .
 *(.boot2)
 .boot2         0x10000000      0x100 pico-sdk/src/rp2040/boot_stage2/CMakeFiles/bs2_default_library.dir/./bs2_default_padded_checksummed.S.obj
                0x10000100                        __boot2_end__ = .
                0x00000001                        ASSERT (((__boot2_end__ - __boot2_start__) == 0x100), ERROR: Pico second stage bootloader must be 256 bytes in size)

.text           0x10000100     0xdc84
                0x10000100                        __logical_binary_start = .
 *(.vectors)
 .vectors       0x10000100       0xd4 CMakeFiles/designlab.dir/C_/Users/hoobs/.pico-sdk/sdk/2.2.0/src/rp2_common/pico_crt0/crt0.S.obj
                0x10000100                __VECTOR_TABLE
                0x10000100                __vectors
                0x100001c0                isr_irq13
                0x100001c0                isr_irq27
                0x100001c0                isr_irq31
                0x100001c0                isr_irq12
                0x100001c0                isr_irq5
                0x100001c0                isr_irq11
                0x100001c0                isr_irq3
                0x100001c0                isr_irq23
                0x100001c0                __unhandled_user_irq
                0x100001c0                isr_irq26
                0x100001c0                isr_irq28
                0x100001c0                isr_irq19
                0x100001c0                isr_irq0
                0x100001c0                isr_irq6
                0x100001c0                isr_irq29
                0x100001c0                isr_irq16
                0x100001c0                isr_irq22
                0x100001c0                isr_irq18
                0x100001c0                isr_irq17
                0x100001c0                isr_irq14
                0x100001c0                __vectors_end
                0x100001c0                __default_isrs_start
                0x100001c0                isr_irq2
                0x100001c0                isr_irq10
                0x100001c0                isr_irq8
                0x100001c0                isr_irq24
                0x100001c0                isr_irq1
                0x100001c0                isr_irq7
                0x100001c0                isr_irq21
                0x100001c0                isr_irq20
                0x100001c0                isr_irq15
                0x100001c0                isr_irq25
                0x100001c0                isr_irq4
                0x100001c0                isr_irq30
                0x100001c0                isr_irq9
                0x100001c6                unhandled_user_irq_num_in_r0
                0x100001c8                isr_invalid
                0x100001ca                isr_nmi
                0x100001cc                isr_hardfault
                0x100001ce                isr_svcall
                0x100001d0                isr_pendsv
                0x100001d2                isr_systick
                0x100001d4                __default_isrs_end
 *(.binary_info_header)
 .binary_info_header
                0x100001d4       0x14 CMakeFiles/designlab.dir/C_/Users/hoobs/.pico-sdk/sdk/2.2.0/src/rp2_common/pico_crt0/crt0.S.obj
                0x100001e8                        __binary_info_header_end = .
 *(.embedded_block)
                0x100001e8                        __embedded_block_end = .
 *(.reset)
 .reset         0x100001e8       0x9c CMakeFiles/designlab.dir/C_/Users/hoobs/.pico-sdk/sdk/2.2.0/src/rp2_common/pico_crt0/crt0.S.obj
                0x100001e8                _entry_point
 *(.init)
 .init          0x10000284        0x4 C:/Users/hoobs/.pico-sdk/toolchain/14_2_Rel1/bin/../lib/gcc/arm-none-eabi/14.2.1/thumb/v6-m/nofp/crti.o
                0x10000284                _init
 *(EXCLUDE_FILE(*libm.a: *libc.a:*lib_a-mem*.o *libgcc.a:) .text*)
 .text.register_tm_clones
                0x10000288       0x28 C:/Users/hoobs/.pico-sdk/toolchain/14_2_Rel1/bin/../lib/gcc/arm-none-eabi/14.2.1/thumb/v6-m/nofp/crtbegin.o
 .text.frame_dummy
                0x100002b0       0x24 C:/Users/hoobs/.pico-sdk/toolchain/14_2_Rel1/bin/../lib/gcc/arm-none-eabi/14.2.1/thumb/v6-m/nofp/crtbegin.o
 .text.gpx2_write_and_verify_config.constprop.0
                0x100002d4       0xb8 CMakeFiles/designlab.dir/designlab.c.obj
 .text.gpx2_validate_input
                0x1000038c      0x7f0 CMakeFiles/designlab.dir/designlab.c.obj
                0x1000038c                gpx2_validate_input
 .text.startup.main
                0x10000b7c      0x768 CMakeFiles/designlab.dir/designlab.c.obj
                0x10000b7c                main
 .text.gpio_set_function
                0x100012e4       0x34 CMakeFiles/designlab.dir/C_/Users/hoobs/.pico-sdk/sdk/2.2.0/src/rp2_common/hardware_gpio/gpio.c.obj
                0x100012e4                gpio_set_function
 .text.gpio_init
                0x10001318       0x40 CMakeFiles/designlab.dir/C_/Users/hoobs/.pico-sdk/sdk/2.2.0/src/rp2_common/hardware_gpio/gpio.c.obj
                0x10001318                gpio_init
 .text.rp2040_chip_version
                0x10001358        0xc CMakeFiles/designlab.dir/C_/Users/hoobs/.pico-sdk/sdk/2.2.0/src/rp2040/pico_platform/platform.c.obj
                0x10001358                rp2040_chip_version
 .text.panic    0x10001364       0x30 CMakeFiles/designlab.dir/C_/Users/hoobs/.pico-sdk/sdk/2.2.0/src/rp2_common/pico_platform_panic/panic.c.obj
                0x10001364                panic
 .text.hw_claim_or_assert
                0x10001394       0x44 CMakeFiles/designlab.dir/C_/Users/hoobs/.pico-sdk/sdk/2.2.0/src/common/hardware_claim/claim.c.obj
                0x10001394                hw_claim_or_assert
 .text.hw_claim_unused_from_range
                0x100013d8       0x88 CMakeFiles/designlab.dir/C_/Users/hoobs/.pico-sdk/sdk/2.2.0/src/common/hardware_claim/claim.c.obj
                0x100013d8                hw_claim_unused_from_range
 .text.next_striped_spin_lock_num
                0x10001460       0x18 CMakeFiles/designlab.dir/C_/Users/hoobs/.pico-sdk/sdk/2.2.0/src/rp2_common/hardware_sync/sync.c.obj
                0x10001460                next_striped_spin_lock_num
 .text.spin_lock_claim_unused
                0x10001478       0x24 CMakeFiles/designlab.dir/C_/Users/hoobs/.pico-sdk/sdk/2.2.0/src/rp2_common/hardware_sync/sync.c.obj
                0x10001478                spin_lock_claim_unused
 .text.spin_locks_reset
                0x1000149c       0x1c CMakeFiles/designlab.dir/C_/Users/hoobs/.pico-sdk/sdk/2.2.0/src/rp2_common/hardware_sync_spin_lock/sync_spin_lock.c.obj
                0x1000149c                spin_locks_reset
 .text.runtime_init_per_core_irq_priorities
                0x100014b8       0x24 CMakeFiles/designlab.dir/C_/Users/hoobs/.pico-sdk/sdk/2.2.0/src/rp2_common/hardware_irq/irq.c.obj
                0x100014b8                runtime_init_per_core_irq_priorities
 .text.irq_set_enabled
                0x100014dc       0x24 CMakeFiles/designlab.dir/C_/Users/hoobs/.pico-sdk/sdk/2.2.0/src/rp2_common/hardware_irq/irq.c.obj
                0x100014dc                irq_set_enabled
 .text.irq_is_enabled
                0x10001500       0x18 CMakeFiles/designlab.dir/C_/Users/hoobs/.pico-sdk/sdk/2.2.0/src/rp2_common/hardware_irq/irq.c.obj
                0x10001500                irq_is_enabled
 .text.irq_set_pending
                0x10001518       0x10 CMakeFiles/designlab.dir/C_/Users/hoobs/.pico-sdk/sdk/2.2.0/src/rp2_common/hardware_irq/irq.c.obj
                0x10001518                irq_set_pending
 .text.irq_has_shared_handler
                0x10001528       0x24 CMakeFiles/designlab.dir/C_/Users/hoobs/.pico-sdk/sdk/2.2.0/src/rp2_common/hardware_irq/irq.c.obj
                0x10001528                irq_has_shared_handler
 .text.irq_set_exclusive_handler
                0x1000154c       0x54 CMakeFiles/designlab.dir/C_/Users/hoobs/.pico-sdk/sdk/2.2.0/src/rp2_common/hardware_irq/irq.c.obj
                0x1000154c                irq_set_exclusive_handler
 .text.irq_add_shared_handler
                0x100015a0      0x1f4 CMakeFiles/designlab.dir/C_/Users/hoobs/.pico-sdk/sdk/2.2.0/src/rp2_common/hardware_irq/irq.c.obj
                0x100015a0                irq_add_shared_handler
 .text.irq_add_tail_to_free_list
                0x10001794       0xb4 CMakeFiles/designlab.dir/C_/Users/hoobs/.pico-sdk/sdk/2.2.0/src/rp2_common/hardware_irq/irq.c.obj
                0x10001794                irq_add_tail_to_free_list
 .text.user_irq_claim_unused
                0x10001848       0x2c CMakeFiles/designlab.dir/C_/Users/hoobs/.pico-sdk/sdk/2.2.0/src/rp2_common/hardware_irq/irq.c.obj
                0x10001848                user_irq_claim_unused
 .text.lock_init
                0x10001874       0x10 CMakeFiles/designlab.dir/C_/Users/hoobs/.pico-sdk/sdk/2.2.0/src/common/pico_sync/lock_core.c.obj
                0x10001874                lock_init
 .text.runtime_init_mutex
                0x10001884       0x50 CMakeFiles/designlab.dir/C_/Users/hoobs/.pico-sdk/sdk/2.2.0/src/common/pico_sync/mutex.c.obj
                0x10001884                runtime_init_mutex
 .text.mutex_init
                0x100018d4       0x1c CMakeFiles/designlab.dir/C_/Users/hoobs/.pico-sdk/sdk/2.2.0/src/common/pico_sync/mutex.c.obj
                0x100018d4                mutex_init
 .text.critical_section_init
                0x100018f0       0x1c CMakeFiles/designlab.dir/C_/Users/hoobs/.pico-sdk/sdk/2.2.0/src/common/pico_sync/critical_section.c.obj
                0x100018f0                critical_section_init
 .text.critical_section_init_with_lock_num
                0x1000190c       0x14 CMakeFiles/designlab.dir/C_/Users/hoobs/.pico-sdk/sdk/2.2.0/src/common/pico_sync/critical_section.c.obj
                0x1000190c                critical_section_init_with_lock_num
 .text.sleep_until_callback
                0x10001920       0x30 CMakeFiles/designlab.dir/C_/Users/hoobs/.pico-sdk/sdk/2.2.0/src/common/pico_time/time.c.obj
 .text.alarm_pool_irq_handler
                0x10001950      0x300 CMakeFiles/designlab.dir/C_/Users/hoobs/.pico-sdk/sdk/2.2.0/src/common/pico_time/time.c.obj
 .text.runtime_init_default_alarm_pool
                0x10001c50       0xdc CMakeFiles/designlab.dir/C_/Users/hoobs/.pico-sdk/sdk/2.2.0/src/common/pico_time/time.c.obj
                0x10001c50                runtime_init_default_alarm_pool
 .text.alarm_pool_get_default
                0x10001d2c        0x8 CMakeFiles/designlab.dir/C_/Users/hoobs/.pico-sdk/sdk/2.2.0/src/common/pico_time/time.c.obj
                0x10001d2c                alarm_pool_get_default
 .text.alarm_pool_add_alarm_at
                0x10001d34       0xd0 CMakeFiles/designlab.dir/C_/Users/hoobs/.pico-sdk/sdk/2.2.0/src/common/pico_time/time.c.obj
                0x10001d34                alarm_pool_add_alarm_at
 .text.alarm_pool_add_alarm_at_force_in_context
                0x10001e04       0xb0 CMakeFiles/designlab.dir/C_/Users/hoobs/.pico-sdk/sdk/2.2.0/src/common/pico_time/time.c.obj
                0x10001e04                alarm_pool_add_alarm_at_force_in_context
 .text.alarm_pool_cancel_alarm
                0x10001eb4       0x74 CMakeFiles/designlab.dir/C_/Users/hoobs/.pico-sdk/sdk/2.2.0/src/common/pico_time/time.c.obj
                0x10001eb4                alarm_pool_cancel_alarm
 .text.alarm_pool_core_num
                0x10001f28        0x4 CMakeFiles/designlab.dir/C_/Users/hoobs/.pico-sdk/sdk/2.2.0/src/common/pico_time/time.c.obj
                0x10001f28                alarm_pool_core_num
 .text.best_effort_wfe_or_timeout
                0x10001f2c      0x10c CMakeFiles/designlab.dir/C_/Users/hoobs/.pico-sdk/sdk/2.2.0/src/common/pico_time/time.c.obj
                0x10001f2c                best_effort_wfe_or_timeout
 .text.timer_hardware_alarm_claim
                0x10002038       0x14 CMakeFiles/designlab.dir/C_/Users/hoobs/.pico-sdk/sdk/2.2.0/src/rp2_common/hardware_timer/timer.c.obj
                0x10002038                timer_hardware_alarm_claim
 .text.timer_time_us_64
                0x1000204c       0x10 CMakeFiles/designlab.dir/C_/Users/hoobs/.pico-sdk/sdk/2.2.0/src/rp2_common/hardware_timer/timer.c.obj
                0x1000204c                timer_time_us_64
 .text.time_us_64
                0x1000205c       0x14 CMakeFiles/designlab.dir/C_/Users/hoobs/.pico-sdk/sdk/2.2.0/src/rp2_common/hardware_timer/timer.c.obj
                0x1000205c                time_us_64
 .text.busy_wait_us
                0x10002070       0x68 CMakeFiles/designlab.dir/C_/Users/hoobs/.pico-sdk/sdk/2.2.0/src/rp2_common/hardware_timer/timer.c.obj
                0x10002070                busy_wait_us
 .text.clock_configure_int_divider
                0x100020d8       0xf4 CMakeFiles/designlab.dir/C_/Users/hoobs/.pico-sdk/sdk/2.2.0/src/rp2_common/hardware_clocks/clocks.c.obj
                0x100020d8                clock_configure_int_divider
 .text.clock_configure_undivided
                0x100021cc       0xe8 CMakeFiles/designlab.dir/C_/Users/hoobs/.pico-sdk/sdk/2.2.0/src/rp2_common/hardware_clocks/clocks.c.obj
                0x100021cc                clock_configure_undivided
 .text.clock_get_hz
                0x100022b4        0xc CMakeFiles/designlab.dir/C_/Users/hoobs/.pico-sdk/sdk/2.2.0/src/rp2_common/hardware_clocks/clocks.c.obj
                0x100022b4                clock_get_hz
 .text.pll_init
                0x100022c0       0xa4 CMakeFiles/designlab.dir/C_/Users/hoobs/.pico-sdk/sdk/2.2.0/src/rp2_common/hardware_pll/pll.c.obj
                0x100022c0                pll_init
 .text.watchdog_reboot
                0x10002364       0x9c CMakeFiles/designlab.dir/C_/Users/hoobs/.pico-sdk/sdk/2.2.0/src/rp2_common/hardware_watchdog/watchdog.c.obj
                0x10002364                watchdog_reboot
 .text.tick_start
                0x10002400       0x10 CMakeFiles/designlab.dir/C_/Users/hoobs/.pico-sdk/sdk/2.2.0/src/rp2_common/hardware_ticks/ticks.c.obj
                0x10002400                tick_start
 .text.rom_func_lookup
                0x10002410       0x10 CMakeFiles/designlab.dir/C_/Users/hoobs/.pico-sdk/sdk/2.2.0/src/rp2_common/pico_bootrom/bootrom.c.obj
                0x10002410                rom_func_lookup
 .text.rom_data_lookup
                0x10002420       0x10 CMakeFiles/designlab.dir/C_/Users/hoobs/.pico-sdk/sdk/2.2.0/src/rp2_common/pico_bootrom/bootrom.c.obj
                0x10002420                rom_data_lookup
 .text.rom_funcs_lookup
                0x10002430       0x44 CMakeFiles/designlab.dir/C_/Users/hoobs/.pico-sdk/sdk/2.2.0/src/rp2_common/pico_bootrom/bootrom.c.obj
                0x10002430                rom_funcs_lookup
 .text.rom_reset_usb_boot_extra
                0x10002474       0x24 CMakeFiles/designlab.dir/C_/Users/hoobs/.pico-sdk/sdk/2.2.0/src/rp2_common/pico_bootrom/bootrom.c.obj
                0x10002474                rom_reset_usb_boot_extra
 .text.xosc_init
                0x10002498       0x28 CMakeFiles/designlab.dir/C_/Users/hoobs/.pico-sdk/sdk/2.2.0/src/rp2_common/hardware_xosc/xosc.c.obj
                0x10002498                xosc_init
 .text.first_per_core_initializer
                0x100024c0        0x4 CMakeFiles/designlab.dir/C_/Users/hoobs/.pico-sdk/sdk/2.2.0/src/rp2_common/pico_runtime/runtime.c.obj
 .text.hard_assertion_failure
                0x100024c4        0xc CMakeFiles/designlab.dir/C_/Users/hoobs/.pico-sdk/sdk/2.2.0/src/rp2_common/pico_runtime/runtime.c.obj
                0x100024c4                hard_assertion_failure
 .text.runtime_run_initializers
                0x100024d0       0x28 CMakeFiles/designlab.dir/C_/Users/hoobs/.pico-sdk/sdk/2.2.0/src/rp2_common/pico_runtime/runtime.c.obj
                0x100024d0                runtime_run_initializers
 .text.runtime_init_early_resets
                0x100024f8       0x2c CMakeFiles/designlab.dir/C_/Users/hoobs/.pico-sdk/sdk/2.2.0/src/rp2_common/pico_runtime_init/runtime_init.c.obj
                0x100024f8                runtime_init_early_resets
 .text.runtime_init_usb_power_down
                0x10002524       0x1c CMakeFiles/designlab.dir/C_/Users/hoobs/.pico-sdk/sdk/2.2.0/src/rp2_common/pico_runtime_init/runtime_init.c.obj
                0x10002524                runtime_init_usb_power_down
 .text.runtime_init_post_clock_resets
                0x10002540       0x20 CMakeFiles/designlab.dir/C_/Users/hoobs/.pico-sdk/sdk/2.2.0/src/rp2_common/pico_runtime_init/runtime_init.c.obj
                0x10002540                runtime_init_post_clock_resets
 .text.runtime_init_rp2040_gpio_ie_disable
                0x10002560       0x14 CMakeFiles/designlab.dir/C_/Users/hoobs/.pico-sdk/sdk/2.2.0/src/rp2_common/pico_runtime_init/runtime_init.c.obj
                0x10002560                runtime_init_rp2040_gpio_ie_disable
 .text.runtime_init_spin_locks_reset
                0x10002574        0x8 CMakeFiles/designlab.dir/C_/Users/hoobs/.pico-sdk/sdk/2.2.0/src/rp2_common/pico_runtime_init/runtime_init.c.obj
                0x10002574                runtime_init_spin_locks_reset
 .text.runtime_init_install_ram_vector_table
                0x1000257c       0xb4 CMakeFiles/designlab.dir/C_/Users/hoobs/.pico-sdk/sdk/2.2.0/src/rp2_common/pico_runtime_init/runtime_init.c.obj
                0x1000257c                runtime_init_install_ram_vector_table
 .text.runtime_init_clocks
                0x10002630       0xd8 CMakeFiles/designlab.dir/C_/Users/hoobs/.pico-sdk/sdk/2.2.0/src/rp2_common/pico_runtime_init/runtime_init_clocks.c.obj
                0x10002630                runtime_init_clocks
 .text          0x10002708       0x10 CMakeFiles/designlab.dir/C_/Users/hoobs/.pico-sdk/sdk/2.2.0/src/rp2_common/pico_bit_ops/bit_ops_aeabi.S.obj
 .text.__wrap___aeabi_idiv
                0x10002718       0x50 CMakeFiles/designlab.dir/C_/Users/hoobs/.pico-sdk/sdk/2.2.0/src/rp2_common/pico_divider/divider_hardware.S.obj
                0x10002718                __wrap___aeabi_idivmod
                0x10002718                divmod_s32s32
                0x10002718                div_s32s32
                0x10002718                __wrap___aeabi_idiv
                0x10002720                divmod_s32s32_unsafe
                0x1000274c                divmod_s32s32_savestate
 .text.__wrap___aeabi_uidiv
                0x10002768       0x4c CMakeFiles/designlab.dir/C_/Users/hoobs/.pico-sdk/sdk/2.2.0/src/rp2_common/pico_divider/divider_hardware.S.obj
                0x10002768                __wrap___aeabi_uidiv
                0x10002768                __wrap___aeabi_uidivmod
                0x10002768                div_u32u32
                0x10002768                divmod_u32u32
                0x10002770                divmod_u32u32_unsafe
                0x10002798                divmod_u32u32_savestate
 .text.__wrap___aeabi_ldiv
                0x100027b4      0x424 CMakeFiles/designlab.dir/C_/Users/hoobs/.pico-sdk/sdk/2.2.0/src/rp2_common/pico_divider/divider_hardware.S.obj
                0x100027b4                div_s64s64
                0x100027b4                divmod_s64s64
                0x100027b4                __wrap___aeabi_ldivmod
                0x100027e4                divmod_u64u64
                0x100027e4                div_u64u64
                0x100027e4                __wrap___aeabi_uldivmod
                0x100027f4                divmod_u64u64_savestate
                0x10002814                divmod_s64s64_unsafe
                0x1000289c                divmod_u64u64_unsafe
 .text.__wrap___aeabi_darithmetic
                0x10002bd8       0x60 CMakeFiles/designlab.dir/C_/Users/hoobs/.pico-sdk/sdk/2.2.0/src/rp2_common/pico_double/double_aeabi_rp2040.S.obj
                0x10002bd8                __wrap___aeabi_drsub
                0x10002bde                __wrap___aeabi_dsub
                0x10002be8                __wrap___aeabi_dadd
                0x10002bf2                __wrap___aeabi_ddiv
                0x10002c26                __wrap___aeabi_dmul
 .text.__wrap___aeabi_cdcmple
                0x10002c38       0x6c CMakeFiles/designlab.dir/C_/Users/hoobs/.pico-sdk/sdk/2.2.0/src/rp2_common/pico_double/double_aeabi_rp2040.S.obj
                0x10002c38                __wrap___aeabi_cdrcmple
                0x10002c48                __wrap___aeabi_cdcmpeq
                0x10002c48                __wrap___aeabi_cdcmple
 .text.__wrap___aeabi_dcmpeq
                0x10002ca4       0x10 CMakeFiles/designlab.dir/C_/Users/hoobs/.pico-sdk/sdk/2.2.0/src/rp2_common/pico_double/double_aeabi_rp2040.S.obj
                0x10002ca4                __wrap___aeabi_dcmpeq
 .text.__wrap___aeabi_dcmplt
                0x10002cb4        0xc CMakeFiles/designlab.dir/C_/Users/hoobs/.pico-sdk/sdk/2.2.0/src/rp2_common/pico_double/double_aeabi_rp2040.S.obj
                0x10002cb4                __wrap___aeabi_dcmplt
 .text.__wrap___aeabi_dcmple
                0x10002cc0       0x10 CMakeFiles/designlab.dir/C_/Users/hoobs/.pico-sdk/sdk/2.2.0/src/rp2_common/pico_double/double_aeabi_rp2040.S.obj
                0x10002cc0                __wrap___aeabi_dcmple
 .text.__wrap___aeabi_dcmpge
                0x10002cd0       0x10 CMakeFiles/designlab.dir/C_/Users/hoobs/.pico-sdk/sdk/2.2.0/src/rp2_common/pico_double/double_aeabi_rp2040.S.obj
                0x10002cd0                __wrap___aeabi_dcmpge
 .text.__wrap___aeabi_dcmpgt
                0x10002ce0        0xa CMakeFiles/designlab.dir/C_/Users/hoobs/.pico-sdk/sdk/2.2.0/src/rp2_common/pico_double/double_aeabi_rp2040.S.obj
                0x10002ce0                __wrap___aeabi_dcmpgt
 .text.__wrap___aeabi_dcmpun
                0x10002cea       0x18 CMakeFiles/designlab.dir/C_/Users/hoobs/.pico-sdk/sdk/2.2.0/src/rp2_common/pico_double/double_aeabi_rp2040.S.obj
                0x10002cea                __wrap___aeabi_dcmpun
 *fill*         0x10002d02        0x2 
 .text.__wrap___aeabi_i2d
                0x10002d04       0x38 CMakeFiles/designlab.dir/C_/Users/hoobs/.pico-sdk/sdk/2.2.0/src/rp2_common/pico_double/double_aeabi_rp2040.S.obj
                0x10002d04                uint2double
                0x10002d04                __wrap___aeabi_ui2d
                0x10002d0c                int2double
                0x10002d0c                __wrap___aeabi_i2d
 .text.__wrap___aeabi_d2iz
                0x10002d3c       0x48 CMakeFiles/designlab.dir/C_/Users/hoobs/.pico-sdk/sdk/2.2.0/src/rp2_common/pico_double/double_aeabi_rp2040.S.obj
                0x10002d3c                double2int_z
                0x10002d3c                __wrap___aeabi_d2iz
 .text.__wrap___aeabi_d2uiz
                0x10002d84       0x10 CMakeFiles/designlab.dir/C_/Users/hoobs/.pico-sdk/sdk/2.2.0/src/rp2_common/pico_double/double_aeabi_rp2040.S.obj
                0x10002d84                double2uint
                0x10002d84                __wrap___aeabi_d2uiz
                0x10002d84                double2uint_z
 .text.__wrap___aeabi_l2d
                0x10002d94       0x10 CMakeFiles/designlab.dir/C_/Users/hoobs/.pico-sdk/sdk/2.2.0/src/rp2_common/pico_double/double_aeabi_rp2040.S.obj
                0x10002d94                int642double
                0x10002d94                __wrap___aeabi_l2d
 .text.__wrap___aeabi_d2lz
                0x10002da4       0x26 CMakeFiles/designlab.dir/C_/Users/hoobs/.pico-sdk/sdk/2.2.0/src/rp2_common/pico_double/double_aeabi_rp2040.S.obj
                0x10002da4                double2int64_z
                0x10002da4                __wrap___aeabi_d2lz
 *fill*         0x10002dca        0x2 
 .text.double2int64
                0x10002dcc       0x10 CMakeFiles/designlab.dir/C_/Users/hoobs/.pico-sdk/sdk/2.2.0/src/rp2_common/pico_double/double_aeabi_rp2040.S.obj
                0x10002dcc                double2int64
 .text.double2ufix64
                0x10002ddc       0x10 CMakeFiles/designlab.dir/C_/Users/hoobs/.pico-sdk/sdk/2.2.0/src/rp2_common/pico_double/double_aeabi_rp2040.S.obj
                0x10002ddc                double2ufix64_z
                0x10002ddc                double2ufix64
 .text.__wrap___aeabi_d2f
                0x10002dec       0x10 CMakeFiles/designlab.dir/C_/Users/hoobs/.pico-sdk/sdk/2.2.0/src/rp2_common/pico_double/double_aeabi_rp2040.S.obj
                0x10002dec                __wrap___aeabi_d2f
 .text.missing_double_func_shim
                0x10002dfc        0xc CMakeFiles/designlab.dir/C_/Users/hoobs/.pico-sdk/sdk/2.2.0/src/rp2_common/pico_double/double_init_rom_rp2040.c.obj
 .text.__aeabi_double_init
                0x10002e08       0xa0 CMakeFiles/designlab.dir/C_/Users/hoobs/.pico-sdk/sdk/2.2.0/src/rp2_common/pico_double/double_init_rom_rp2040.c.obj
                0x10002e08                __aeabi_double_init
 .text.double_table_shim_on_use_helper
                0x10002ea8       0x2c CMakeFiles/designlab.dir/C_/Users/hoobs/.pico-sdk/sdk/2.2.0/src/rp2_common/pico_double/double_v1_rom_shim_rp2040.S.obj
                0x10002ea8                double_table_shim_on_use_helper
 .text.__aeabi_lmul
                0x10002ed4       0x32 CMakeFiles/designlab.dir/C_/Users/hoobs/.pico-sdk/sdk/2.2.0/src/rp2_common/pico_int64_ops/pico_int64_ops_aeabi.S.obj
                0x10002ed4                __wrap___aeabi_lmul
 *fill*         0x10002f06        0x2 
 .text.missing_float_func_shim
                0x10002f08        0xc CMakeFiles/designlab.dir/C_/Users/hoobs/.pico-sdk/sdk/2.2.0/src/rp2_common/pico_float/float_init_rom_rp2040.c.obj
 .text.__aeabi_float_init
                0x10002f14       0x5c CMakeFiles/designlab.dir/C_/Users/hoobs/.pico-sdk/sdk/2.2.0/src/rp2_common/pico_float/float_init_rom_rp2040.c.obj
                0x10002f14                __aeabi_float_init
 .text.__wrap_malloc
                0x10002f70       0x24 CMakeFiles/designlab.dir/C_/Users/hoobs/.pico-sdk/sdk/2.2.0/src/rp2_common/pico_malloc/malloc.c.obj
                0x10002f70                __wrap_malloc
 .text.__wrap_realloc
                0x10002f94       0x24 CMakeFiles/designlab.dir/C_/Users/hoobs/.pico-sdk/sdk/2.2.0/src/rp2_common/pico_malloc/malloc.c.obj
                0x10002f94                __wrap_realloc
 .text.__wrap_free
                0x10002fb8        0x8 CMakeFiles/designlab.dir/C_/Users/hoobs/.pico-sdk/sdk/2.2.0/src/rp2_common/pico_malloc/malloc.c.obj
                0x10002fb8                __wrap_free
 .text          0x10002fc0       0x10 CMakeFiles/designlab.dir/C_/Users/hoobs/.pico-sdk/sdk/2.2.0/src/rp2_common/pico_mem_ops/mem_ops_aeabi.S.obj
                0x10002fc0                __aeabi_mem_init
 .text.memset   0x10002fd0        0xc CMakeFiles/designlab.dir/C_/Users/hoobs/.pico-sdk/sdk/2.2.0/src/rp2_common/pico_mem_ops/mem_ops_aeabi.S.obj
                0x10002fd0                __wrap_memset
 .text.memcpy   0x10002fdc        0xc CMakeFiles/designlab.dir/C_/Users/hoobs/.pico-sdk/sdk/2.2.0/src/rp2_common/pico_mem_ops/mem_ops_aeabi.S.obj
                0x10002fdc                __wrap_memcpy
                0x10002fdc                __wrap___aeabi_memcpy
 .text._out_buffer
                0x10002fe8        0x8 CMakeFiles/designlab.dir/C_/Users/hoobs/.pico-sdk/sdk/2.2.0/src/rp2_common/pico_printf/printf.c.obj
 .text._out_null
                0x10002ff0        0x4 CMakeFiles/designlab.dir/C_/Users/hoobs/.pico-sdk/sdk/2.2.0/src/rp2_common/pico_printf/printf.c.obj
 .text._out_rev
                0x10002ff4       0xac CMakeFiles/designlab.dir/C_/Users/hoobs/.pico-sdk/sdk/2.2.0/src/rp2_common/pico_printf/printf.c.obj
 .text._ntoa_format
                0x100030a0      0x1cc CMakeFiles/designlab.dir/C_/Users/hoobs/.pico-sdk/sdk/2.2.0/src/rp2_common/pico_printf/printf.c.obj
 .text._out_char
                0x1000326c       0x10 CMakeFiles/designlab.dir/C_/Users/hoobs/.pico-sdk/sdk/2.2.0/src/rp2_common/pico_printf/printf.c.obj
 .text._out_fct
                0x1000327c       0x10 CMakeFiles/designlab.dir/C_/Users/hoobs/.pico-sdk/sdk/2.2.0/src/rp2_common/pico_printf/printf.c.obj
 .text._ftoa    0x1000328c      0x4a8 CMakeFiles/designlab.dir/C_/Users/hoobs/.pico-sdk/sdk/2.2.0/src/rp2_common/pico_printf/printf.c.obj
 .text._etoa    0x10003734      0x57c CMakeFiles/designlab.dir/C_/Users/hoobs/.pico-sdk/sdk/2.2.0/src/rp2_common/pico_printf/printf.c.obj
 .text._vsnprintf
                0x10003cb0      0xbe0 CMakeFiles/designlab.dir/C_/Users/hoobs/.pico-sdk/sdk/2.2.0/src/rp2_common/pico_printf/printf.c.obj
 .text.__wrap_sprintf
                0x10004890       0x2c CMakeFiles/designlab.dir/C_/Users/hoobs/.pico-sdk/sdk/2.2.0/src/rp2_common/pico_printf/printf.c.obj
                0x10004890                __wrap_sprintf
 .text.vfctprintf
                0x100048bc       0x24 CMakeFiles/designlab.dir/C_/Users/hoobs/.pico-sdk/sdk/2.2.0/src/rp2_common/pico_printf/printf.c.obj
                0x100048bc                vfctprintf
 .text.weak_raw_printf
                0x100048e0       0x40 CMakeFiles/designlab.dir/C_/Users/hoobs/.pico-sdk/sdk/2.2.0/src/rp2_common/pico_printf/printf.c.obj
                0x100048e0                weak_raw_printf
 .text.weak_raw_vprintf
                0x10004920       0x30 CMakeFiles/designlab.dir/C_/Users/hoobs/.pico-sdk/sdk/2.2.0/src/rp2_common/pico_printf/printf.c.obj
                0x10004920                weak_raw_vprintf
 .text._exit    0x10004950        0x4 CMakeFiles/designlab.dir/C_/Users/hoobs/.pico-sdk/sdk/2.2.0/src/rp2_common/pico_clib_interface/newlib_interface.c.obj
                0x10004950                _exit
 .text._sbrk    0x10004954       0x34 CMakeFiles/designlab.dir/C_/Users/hoobs/.pico-sdk/sdk/2.2.0/src/rp2_common/pico_clib_interface/newlib_interface.c.obj
                0x10004954                _sbrk
 .text._read    0x10004988       0x24 CMakeFiles/designlab.dir/C_/Users/hoobs/.pico-sdk/sdk/2.2.0/src/rp2_common/pico_clib_interface/newlib_interface.c.obj
                0x10004988                _read
 .text._write   0x100049ac       0x24 CMakeFiles/designlab.dir/C_/Users/hoobs/.pico-sdk/sdk/2.2.0/src/rp2_common/pico_clib_interface/newlib_interface.c.obj
                0x100049ac                _write
 .text._close   0x100049d0        0x8 CMakeFiles/designlab.dir/C_/Users/hoobs/.pico-sdk/sdk/2.2.0/src/rp2_common/pico_clib_interface/newlib_interface.c.obj
                0x100049d0                _close
 .text._lseek   0x100049d8        0x8 CMakeFiles/designlab.dir/C_/Users/hoobs/.pico-sdk/sdk/2.2.0/src/rp2_common/pico_clib_interface/newlib_interface.c.obj
                0x100049d8                _lseek
 .text._fstat   0x100049e0        0x8 CMakeFiles/designlab.dir/C_/Users/hoobs/.pico-sdk/sdk/2.2.0/src/rp2_common/pico_clib_interface/newlib_interface.c.obj
                0x100049e0                _fstat
 .text._isatty  0x100049e8        0xc CMakeFiles/designlab.dir/C_/Users/hoobs/.pico-sdk/sdk/2.2.0/src/rp2_common/pico_clib_interface/newlib_interface.c.obj
                0x100049e8                _isatty
 .text.exit     0x100049f4        0x8 CMakeFiles/designlab.dir/C_/Users/hoobs/.pico-sdk/sdk/2.2.0/src/rp2_common/pico_clib_interface/newlib_interface.c.obj
                0x100049f4                exit
 .text.__assert_func
                0x100049fc       0x38 CMakeFiles/designlab.dir/C_/Users/hoobs/.pico-sdk/sdk/2.2.0/src/rp2_common/pico_clib_interface/newlib_interface.c.obj
                0x100049fc                __assert_func
 .text.runtime_init
                0x10004a34       0x2c CMakeFiles/designlab.dir/C_/Users/hoobs/.pico-sdk/sdk/2.2.0/src/rp2_common/pico_clib_interface/newlib_interface.c.obj
                0x10004a34                runtime_init
 .text.stdio_out_chars_no_crlf
                0x10004a60       0x10 CMakeFiles/designlab.dir/C_/Users/hoobs/.pico-sdk/sdk/2.2.0/src/rp2_common/pico_stdio/stdio.c.obj
 .text.stdio_out_chars_crlf
                0x10004a70       0xb0 CMakeFiles/designlab.dir/C_/Users/hoobs/.pico-sdk/sdk/2.2.0/src/rp2_common/pico_stdio/stdio.c.obj
 .text.stdio_buffered_printer
                0x10004b20       0x64 CMakeFiles/designlab.dir/C_/Users/hoobs/.pico-sdk/sdk/2.2.0/src/rp2_common/pico_stdio/stdio.c.obj
 .text.stdio_put_string
                0x10004b84       0xfc CMakeFiles/designlab.dir/C_/Users/hoobs/.pico-sdk/sdk/2.2.0/src/rp2_common/pico_stdio/stdio.c.obj
                0x10004b84                stdio_put_string
 .text.stdio_get_until
                0x10004c80       0x84 CMakeFiles/designlab.dir/C_/Users/hoobs/.pico-sdk/sdk/2.2.0/src/rp2_common/pico_stdio/stdio.c.obj
                0x10004c80                stdio_get_until
 .text.stdio_set_driver_enabled
                0x10004d04       0x30 CMakeFiles/designlab.dir/C_/Users/hoobs/.pico-sdk/sdk/2.2.0/src/rp2_common/pico_stdio/stdio.c.obj
                0x10004d04                stdio_set_driver_enabled
 .text.stdio_init_all
                0x10004d34        0x8 CMakeFiles/designlab.dir/C_/Users/hoobs/.pico-sdk/sdk/2.2.0/src/rp2_common/pico_stdio/stdio.c.obj
                0x10004d34                stdio_init_all
 .text.stdio_getchar_timeout_us
                0x10004d3c       0x98 CMakeFiles/designlab.dir/C_/Users/hoobs/.pico-sdk/sdk/2.2.0/src/rp2_common/pico_stdio/stdio.c.obj
                0x10004d3c                stdio_getchar_timeout_us
 .text.__wrap_getchar
                0x10004dd4       0x80 CMakeFiles/designlab.dir/C_/Users/hoobs/.pico-sdk/sdk/2.2.0/src/rp2_common/pico_stdio/stdio.c.obj
                0x10004dd4                stdio_getchar
                0x10004dd4                __wrap_getchar
 .text.__wrap_putchar
                0x10004e54       0x94 CMakeFiles/designlab.dir/C_/Users/hoobs/.pico-sdk/sdk/2.2.0/src/rp2_common/pico_stdio/stdio.c.obj
                0x10004e54                __wrap_putchar
                0x10004e54                stdio_putchar
 .text.__wrap_puts
                0x10004ee8       0x3c CMakeFiles/designlab.dir/C_/Users/hoobs/.pico-sdk/sdk/2.2.0/src/rp2_common/pico_stdio/stdio.c.obj
                0x10004ee8                stdio_puts
                0x10004ee8                __wrap_puts
 .text.__wrap_vprintf
                0x10004f24       0xcc CMakeFiles/designlab.dir/C_/Users/hoobs/.pico-sdk/sdk/2.2.0/src/rp2_common/pico_stdio/stdio.c.obj
                0x10004f24                stdio_vprintf
                0x10004f24                __wrap_vprintf
 .text.__wrap_printf
                0x10004ff0       0x18 CMakeFiles/designlab.dir/C_/Users/hoobs/.pico-sdk/sdk/2.2.0/src/rp2_common/pico_stdio/stdio.c.obj
                0x10004ff0                __wrap_printf
                0x10004ff0                stdio_printf
 .text.resetd_init
                0x10005008        0x4 CMakeFiles/designlab.dir/C_/Users/hoobs/.pico-sdk/sdk/2.2.0/src/rp2_common/pico_stdio_usb/reset_interface.c.obj
 .text.resetd_reset
                0x1000500c        0xc CMakeFiles/designlab.dir/C_/Users/hoobs/.pico-sdk/sdk/2.2.0/src/rp2_common/pico_stdio_usb/reset_interface.c.obj
 .text.resetd_open
                0x10005018       0x28 CMakeFiles/designlab.dir/C_/Users/hoobs/.pico-sdk/sdk/2.2.0/src/rp2_common/pico_stdio_usb/reset_interface.c.obj
 .text.resetd_xfer_cb
                0x10005040        0x4 CMakeFiles/designlab.dir/C_/Users/hoobs/.pico-sdk/sdk/2.2.0/src/rp2_common/pico_stdio_usb/reset_interface.c.obj
 .text.resetd_control_xfer_cb
                0x10005044       0x54 CMakeFiles/designlab.dir/C_/Users/hoobs/.pico-sdk/sdk/2.2.0/src/rp2_common/pico_stdio_usb/reset_interface.c.obj
 .text.tud_descriptor_bos_cb
                0x10005098        0x8 CMakeFiles/designlab.dir/C_/Users/hoobs/.pico-sdk/sdk/2.2.0/src/rp2_common/pico_stdio_usb/reset_interface.c.obj
                0x10005098                tud_descriptor_bos_cb
 .text.tud_vendor_control_xfer_cb
                0x100050a0       0x34 CMakeFiles/designlab.dir/C_/Users/hoobs/.pico-sdk/sdk/2.2.0/src/rp2_common/pico_stdio_usb/reset_interface.c.obj
                0x100050a0                tud_vendor_control_xfer_cb
 .text.usbd_app_driver_get_cb
                0x100050d4        0xc CMakeFiles/designlab.dir/C_/Users/hoobs/.pico-sdk/sdk/2.2.0/src/rp2_common/pico_stdio_usb/reset_interface.c.obj
                0x100050d4                usbd_app_driver_get_cb
 .text.tud_cdc_line_coding_cb
                0x100050e0       0x2c CMakeFiles/designlab.dir/C_/Users/hoobs/.pico-sdk/sdk/2.2.0/src/rp2_common/pico_stdio_usb/reset_interface.c.obj
                0x100050e0                tud_cdc_line_coding_cb
 .text.stdio_usb_set_chars_available_callback
                0x1000510c       0x14 CMakeFiles/designlab.dir/C_/Users/hoobs/.pico-sdk/sdk/2.2.0/src/rp2_common/pico_stdio_usb/stdio_usb.c.obj
                0x1000510c                stdio_usb_set_chars_available_callback
 .text.usb_irq  0x10005120       0x10 CMakeFiles/designlab.dir/C_/Users/hoobs/.pico-sdk/sdk/2.2.0/src/rp2_common/pico_stdio_usb/stdio_usb.c.obj
 .text.timer_task
                0x10005130       0x64 CMakeFiles/designlab.dir/C_/Users/hoobs/.pico-sdk/sdk/2.2.0/src/rp2_common/pico_stdio_usb/stdio_usb.c.obj
 .text.stdio_usb_in_chars
                0x10005194       0x8c CMakeFiles/designlab.dir/C_/Users/hoobs/.pico-sdk/sdk/2.2.0/src/rp2_common/pico_stdio_usb/stdio_usb.c.obj
                0x10005194                stdio_usb_in_chars
 .text.stdio_usb_out_flush
                0x10005220       0x4c CMakeFiles/designlab.dir/C_/Users/hoobs/.pico-sdk/sdk/2.2.0/src/rp2_common/pico_stdio_usb/stdio_usb.c.obj
 .text.stdio_usb_out_chars
                0x1000526c      0x100 CMakeFiles/designlab.dir/C_/Users/hoobs/.pico-sdk/sdk/2.2.0/src/rp2_common/pico_stdio_usb/stdio_usb.c.obj
 .text.low_priority_worker_irq
                0x1000536c       0xc8 CMakeFiles/designlab.dir/C_/Users/hoobs/.pico-sdk/sdk/2.2.0/src/rp2_common/pico_stdio_usb/stdio_usb.c.obj
 .text.stdio_usb_init
                0x10005434       0xe8 CMakeFiles/designlab.dir/C_/Users/hoobs/.pico-sdk/sdk/2.2.0/src/rp2_common/pico_stdio_usb/stdio_usb.c.obj
                0x10005434                stdio_usb_init
 .text.tud_descriptor_device_cb
                0x1000551c        0x8 CMakeFiles/designlab.dir/C_/Users/hoobs/.pico-sdk/sdk/2.2.0/src/rp2_common/pico_stdio_usb/stdio_usb_descriptors.c.obj
                0x1000551c                tud_descriptor_device_cb
 .text.tud_descriptor_configuration_cb
                0x10005524        0x8 CMakeFiles/designlab.dir/C_/Users/hoobs/.pico-sdk/sdk/2.2.0/src/rp2_common/pico_stdio_usb/stdio_usb_descriptors.c.obj
                0x10005524                tud_descriptor_configuration_cb
 .text.tud_descriptor_string_cb
                0x1000552c       0x78 CMakeFiles/designlab.dir/C_/Users/hoobs/.pico-sdk/sdk/2.2.0/src/rp2_common/pico_stdio_usb/stdio_usb_descriptors.c.obj
                0x1000552c                tud_descriptor_string_cb
 .text.startup._retrieve_unique_id_on_boot
                0x100055a4       0x10 CMakeFiles/designlab.dir/C_/Users/hoobs/.pico-sdk/sdk/2.2.0/src/rp2_common/pico_unique_id/unique_id.c.obj
 .text.pico_get_unique_board_id_string
                0x100055b4      0x1a8 CMakeFiles/designlab.dir/C_/Users/hoobs/.pico-sdk/sdk/2.2.0/src/rp2_common/pico_unique_id/unique_id.c.obj
                0x100055b4                pico_get_unique_board_id_string
 .text.flash_get_unique_id
                0x1000575c       0x3c CMakeFiles/designlab.dir/C_/Users/hoobs/.pico-sdk/sdk/2.2.0/src/rp2_common/hardware_flash/flash.c.obj
                0x1000575c                flash_get_unique_id
 .text.dcd_init
                0x10005798       0x90 CMakeFiles/designlab.dir/C_/Users/hoobs/.pico-sdk/sdk/2.2.0/lib/tinyusb/src/portable/raspberrypi/rp2040/dcd_rp2040.c.obj
                0x10005798                dcd_init
 .text.dcd_int_enable
                0x10005828        0xc CMakeFiles/designlab.dir/C_/Users/hoobs/.pico-sdk/sdk/2.2.0/lib/tinyusb/src/portable/raspberrypi/rp2040/dcd_rp2040.c.obj
                0x10005828                dcd_int_enable
 .text.dcd_set_address
                0x10005834       0x14 CMakeFiles/designlab.dir/C_/Users/hoobs/.pico-sdk/sdk/2.2.0/lib/tinyusb/src/portable/raspberrypi/rp2040/dcd_rp2040.c.obj
                0x10005834                dcd_set_address
 .text.dcd_sof_enable
                0x10005848       0x1c CMakeFiles/designlab.dir/C_/Users/hoobs/.pico-sdk/sdk/2.2.0/lib/tinyusb/src/portable/raspberrypi/rp2040/dcd_rp2040.c.obj
                0x10005848                dcd_sof_enable
 .text.dcd_edpt0_status_complete
                0x10005864       0x1c CMakeFiles/designlab.dir/C_/Users/hoobs/.pico-sdk/sdk/2.2.0/lib/tinyusb/src/portable/raspberrypi/rp2040/dcd_rp2040.c.obj
                0x10005864                dcd_edpt0_status_complete
 .text.dcd_edpt_open
                0x10005880      0x114 CMakeFiles/designlab.dir/C_/Users/hoobs/.pico-sdk/sdk/2.2.0/lib/tinyusb/src/portable/raspberrypi/rp2040/dcd_rp2040.c.obj
                0x10005880                dcd_edpt_open
 .text.dcd_edpt_close_all
                0x10005994        0x8 CMakeFiles/designlab.dir/C_/Users/hoobs/.pico-sdk/sdk/2.2.0/lib/tinyusb/src/portable/raspberrypi/rp2040/dcd_rp2040.c.obj
                0x10005994                dcd_edpt_close_all
 .text.dcd_edpt_xfer
                0x1000599c       0x24 CMakeFiles/designlab.dir/C_/Users/hoobs/.pico-sdk/sdk/2.2.0/lib/tinyusb/src/portable/raspberrypi/rp2040/dcd_rp2040.c.obj
                0x1000599c                dcd_edpt_xfer
 .text.dcd_edpt_stall
                0x100059c0       0x3c CMakeFiles/designlab.dir/C_/Users/hoobs/.pico-sdk/sdk/2.2.0/lib/tinyusb/src/portable/raspberrypi/rp2040/dcd_rp2040.c.obj
                0x100059c0                dcd_edpt_stall
 .text.dcd_edpt_clear_stall
                0x100059fc       0x30 CMakeFiles/designlab.dir/C_/Users/hoobs/.pico-sdk/sdk/2.2.0/lib/tinyusb/src/portable/raspberrypi/rp2040/dcd_rp2040.c.obj
                0x100059fc                dcd_edpt_clear_stall
 .text.rp2040_usb_init
                0x10005a2c       0x40 CMakeFiles/designlab.dir/C_/Users/hoobs/.pico-sdk/sdk/2.2.0/lib/tinyusb/src/portable/raspberrypi/rp2040/rp2040_usb.c.obj
                0x10005a2c                rp2040_usb_init
 .text.hw_endpoint_xfer_start
                0x10005a6c       0x40 CMakeFiles/designlab.dir/C_/Users/hoobs/.pico-sdk/sdk/2.2.0/lib/tinyusb/src/portable/raspberrypi/rp2040/rp2040_usb.c.obj
                0x10005a6c                hw_endpoint_xfer_start
 .text.tud_event_hook_cb
                0x10005aac        0x4 CMakeFiles/designlab.dir/C_/Users/hoobs/.pico-sdk/sdk/2.2.0/lib/tinyusb/src/device/usbd.c.obj
                0x10005aac                tud_event_hook_cb
 .text.tud_sof_cb
                0x10005ab0        0x4 CMakeFiles/designlab.dir/C_/Users/hoobs/.pico-sdk/sdk/2.2.0/lib/tinyusb/src/device/usbd.c.obj
                0x10005ab0                tud_sof_cb
 .text.tud_descriptor_device_qualifier_cb
                0x10005ab4        0x4 CMakeFiles/designlab.dir/C_/Users/hoobs/.pico-sdk/sdk/2.2.0/lib/tinyusb/src/device/usbd.c.obj
                0x10005ab4                tud_descriptor_device_qualifier_cb
 .text.tud_descriptor_other_speed_configuration_cb
                0x10005ab8        0x4 CMakeFiles/designlab.dir/C_/Users/hoobs/.pico-sdk/sdk/2.2.0/lib/tinyusb/src/device/usbd.c.obj
                0x10005ab8                tud_descriptor_other_speed_configuration_cb
 .text.tud_mount_cb
                0x10005abc        0x4 CMakeFiles/designlab.dir/C_/Users/hoobs/.pico-sdk/sdk/2.2.0/lib/tinyusb/src/device/usbd.c.obj
                0x10005abc                tud_mount_cb
 .text.tud_umount_cb
                0x10005ac0        0x4 CMakeFiles/designlab.dir/C_/Users/hoobs/.pico-sdk/sdk/2.2.0/lib/tinyusb/src/device/usbd.c.obj
                0x10005ac0                tud_umount_cb
 .text.tud_suspend_cb
                0x10005ac4        0x4 CMakeFiles/designlab.dir/C_/Users/hoobs/.pico-sdk/sdk/2.2.0/lib/tinyusb/src/device/usbd.c.obj
                0x10005ac4                tud_suspend_cb
 .text.tud_resume_cb
                0x10005ac8        0x4 CMakeFiles/designlab.dir/C_/Users/hoobs/.pico-sdk/sdk/2.2.0/lib/tinyusb/src/device/usbd.c.obj
                0x10005ac8                tud_resume_cb
 .text.tud_mounted
                0x10005acc       0x10 CMakeFiles/designlab.dir/C_/Users/hoobs/.pico-sdk/sdk/2.2.0/lib/tinyusb/src/device/usbd.c.obj
                0x10005acc                tud_mounted
 .text.tud_suspended
                0x10005adc       0x10 CMakeFiles/designlab.dir/C_/Users/hoobs/.pico-sdk/sdk/2.2.0/lib/tinyusb/src/device/usbd.c.obj
                0x10005adc                tud_suspended
 .text.tud_rhport_init
                0x10005aec       0xf4 CMakeFiles/designlab.dir/C_/Users/hoobs/.pico-sdk/sdk/2.2.0/lib/tinyusb/src/device/usbd.c.obj
                0x10005aec                tud_rhport_init
 .text.tud_task_ext
                0x10005be0      0x800 CMakeFiles/designlab.dir/C_/Users/hoobs/.pico-sdk/sdk/2.2.0/lib/tinyusb/src/device/usbd.c.obj
                0x10005be0                tud_task_ext
 .text.usbd_open_edpt_pair
                0x100063e0       0x9c CMakeFiles/designlab.dir/C_/Users/hoobs/.pico-sdk/sdk/2.2.0/lib/tinyusb/src/device/usbd.c.obj
                0x100063e0                usbd_open_edpt_pair
 .text.usbd_edpt_open
                0x1000647c       0x34 CMakeFiles/designlab.dir/C_/Users/hoobs/.pico-sdk/sdk/2.2.0/lib/tinyusb/src/device/usbd.c.obj
                0x1000647c                usbd_edpt_open
 .text.usbd_edpt_claim
                0x100064b0       0x28 CMakeFiles/designlab.dir/C_/Users/hoobs/.pico-sdk/sdk/2.2.0/lib/tinyusb/src/device/usbd.c.obj
                0x100064b0                usbd_edpt_claim
 .text.usbd_edpt_release
                0x100064d8       0x28 CMakeFiles/designlab.dir/C_/Users/hoobs/.pico-sdk/sdk/2.2.0/lib/tinyusb/src/device/usbd.c.obj
                0x100064d8                usbd_edpt_release
 .text.usbd_edpt_xfer
                0x10006500       0x4c CMakeFiles/designlab.dir/C_/Users/hoobs/.pico-sdk/sdk/2.2.0/lib/tinyusb/src/device/usbd.c.obj
                0x10006500                usbd_edpt_xfer
 .text.tud_control_status
                0x1000654c       0x2c CMakeFiles/designlab.dir/C_/Users/hoobs/.pico-sdk/sdk/2.2.0/lib/tinyusb/src/device/usbd_control.c.obj
                0x1000654c                tud_control_status
 .text.tud_control_xfer
                0x10006578       0xa8 CMakeFiles/designlab.dir/C_/Users/hoobs/.pico-sdk/sdk/2.2.0/lib/tinyusb/src/device/usbd_control.c.obj
                0x10006578                tud_control_xfer
 .text.usbd_control_reset
                0x10006620       0x14 CMakeFiles/designlab.dir/C_/Users/hoobs/.pico-sdk/sdk/2.2.0/lib/tinyusb/src/device/usbd_control.c.obj
                0x10006620                usbd_control_reset
 .text.usbd_control_set_complete_callback
                0x10006634        0xc CMakeFiles/designlab.dir/C_/Users/hoobs/.pico-sdk/sdk/2.2.0/lib/tinyusb/src/device/usbd_control.c.obj
                0x10006634                usbd_control_set_complete_callback
 .text.usbd_control_set_request
                0x10006640       0x1c CMakeFiles/designlab.dir/C_/Users/hoobs/.pico-sdk/sdk/2.2.0/lib/tinyusb/src/device/usbd_control.c.obj
                0x10006640                usbd_control_set_request
 .text.usbd_control_xfer_cb
                0x1000665c       0xec CMakeFiles/designlab.dir/C_/Users/hoobs/.pico-sdk/sdk/2.2.0/lib/tinyusb/src/device/usbd_control.c.obj
                0x1000665c                usbd_control_xfer_cb
 .text._prep_out_transaction.isra.0
                0x10006748       0x6c CMakeFiles/designlab.dir/C_/Users/hoobs/.pico-sdk/sdk/2.2.0/lib/tinyusb/src/class/cdc/cdc_device.c.obj
 .text.tud_cdc_n_connected
                0x100067b4       0x2c CMakeFiles/designlab.dir/C_/Users/hoobs/.pico-sdk/sdk/2.2.0/lib/tinyusb/src/class/cdc/cdc_device.c.obj
                0x100067b4                tud_cdc_n_connected
 .text.tud_cdc_n_available
                0x100067e0       0x14 CMakeFiles/designlab.dir/C_/Users/hoobs/.pico-sdk/sdk/2.2.0/lib/tinyusb/src/class/cdc/cdc_device.c.obj
                0x100067e0                tud_cdc_n_available
 .text.tud_cdc_n_read
                0x100067f4       0x88 CMakeFiles/designlab.dir/C_/Users/hoobs/.pico-sdk/sdk/2.2.0/lib/tinyusb/src/class/cdc/cdc_device.c.obj
                0x100067f4                tud_cdc_n_read
 .text.tud_cdc_n_write_flush
                0x1000687c       0x74 CMakeFiles/designlab.dir/C_/Users/hoobs/.pico-sdk/sdk/2.2.0/lib/tinyusb/src/class/cdc/cdc_device.c.obj
                0x1000687c                tud_cdc_n_write_flush
 .text.tud_cdc_n_write
                0x100068f0       0x40 CMakeFiles/designlab.dir/C_/Users/hoobs/.pico-sdk/sdk/2.2.0/lib/tinyusb/src/class/cdc/cdc_device.c.obj
                0x100068f0                tud_cdc_n_write
 .text.tud_cdc_n_write_available
                0x10006930       0x14 CMakeFiles/designlab.dir/C_/Users/hoobs/.pico-sdk/sdk/2.2.0/lib/tinyusb/src/class/cdc/cdc_device.c.obj
                0x10006930                tud_cdc_n_write_available
 .text.cdcd_init
                0x10006944       0x70 CMakeFiles/designlab.dir/C_/Users/hoobs/.pico-sdk/sdk/2.2.0/lib/tinyusb/src/class/cdc/cdc_device.c.obj
                0x10006944                cdcd_init
 .text.cdcd_deinit
                0x100069b4       0x30 CMakeFiles/designlab.dir/C_/Users/hoobs/.pico-sdk/sdk/2.2.0/lib/tinyusb/src/class/cdc/cdc_device.c.obj
                0x100069b4                cdcd_deinit
 .text.cdcd_reset
                0x100069e4       0x4c CMakeFiles/designlab.dir/C_/Users/hoobs/.pico-sdk/sdk/2.2.0/lib/tinyusb/src/class/cdc/cdc_device.c.obj
                0x100069e4                cdcd_reset
 .text.cdcd_open
                0x10006a30       0xa4 CMakeFiles/designlab.dir/C_/Users/hoobs/.pico-sdk/sdk/2.2.0/lib/tinyusb/src/class/cdc/cdc_device.c.obj
                0x10006a30                cdcd_open
 .text.cdcd_control_xfer_cb
                0x10006ad4       0xe8 CMakeFiles/designlab.dir/C_/Users/hoobs/.pico-sdk/sdk/2.2.0/lib/tinyusb/src/class/cdc/cdc_device.c.obj
                0x10006ad4                cdcd_control_xfer_cb
 .text.cdcd_xfer_cb
                0x10006bbc      0x100 CMakeFiles/designlab.dir/C_/Users/hoobs/.pico-sdk/sdk/2.2.0/lib/tinyusb/src/class/cdc/cdc_device.c.obj
                0x10006bbc                cdcd_xfer_cb
 .text.vendord_init
                0x10006cbc       0x5c CMakeFiles/designlab.dir/C_/Users/hoobs/.pico-sdk/sdk/2.2.0/lib/tinyusb/src/class/vendor/vendor_device.c.obj
                0x10006cbc                vendord_init
 .text.vendord_deinit
                0x10006d18       0x1c CMakeFiles/designlab.dir/C_/Users/hoobs/.pico-sdk/sdk/2.2.0/lib/tinyusb/src/class/vendor/vendor_device.c.obj
                0x10006d18                vendord_deinit
 .text.vendord_reset
                0x10006d34       0x28 CMakeFiles/designlab.dir/C_/Users/hoobs/.pico-sdk/sdk/2.2.0/lib/tinyusb/src/class/vendor/vendor_device.c.obj
                0x10006d34                vendord_reset
 .text.vendord_open
                0x10006d5c      0x120 CMakeFiles/designlab.dir/C_/Users/hoobs/.pico-sdk/sdk/2.2.0/lib/tinyusb/src/class/vendor/vendor_device.c.obj
                0x10006d5c                vendord_open
 .text.vendord_xfer_cb
                0x10006e7c       0x9c CMakeFiles/designlab.dir/C_/Users/hoobs/.pico-sdk/sdk/2.2.0/lib/tinyusb/src/class/vendor/vendor_device.c.obj
                0x10006e7c                vendord_xfer_cb
 .text.tusb_rhport_init
                0x10006f18       0x4c CMakeFiles/designlab.dir/C_/Users/hoobs/.pico-sdk/sdk/2.2.0/lib/tinyusb/src/tusb.c.obj
                0x10006f18                tusb_rhport_init
 .text.tu_edpt_claim
                0x10006f64       0x50 CMakeFiles/designlab.dir/C_/Users/hoobs/.pico-sdk/sdk/2.2.0/lib/tinyusb/src/tusb.c.obj
                0x10006f64                tu_edpt_claim
 .text.tu_edpt_release
                0x10006fb4       0x38 CMakeFiles/designlab.dir/C_/Users/hoobs/.pico-sdk/sdk/2.2.0/lib/tinyusb/src/tusb.c.obj
                0x10006fb4                tu_edpt_release
 .text.tu_edpt_validate
                0x10006fec       0x7c CMakeFiles/designlab.dir/C_/Users/hoobs/.pico-sdk/sdk/2.2.0/lib/tinyusb/src/tusb.c.obj
                0x10006fec                tu_edpt_validate
 .text.tu_edpt_bind_driver
                0x10007068       0x34 CMakeFiles/designlab.dir/C_/Users/hoobs/.pico-sdk/sdk/2.2.0/lib/tinyusb/src/tusb.c.obj
                0x10007068                tu_edpt_bind_driver
 .text.tu_edpt_stream_init
                0x1000709c       0x6c CMakeFiles/designlab.dir/C_/Users/hoobs/.pico-sdk/sdk/2.2.0/lib/tinyusb/src/tusb.c.obj
                0x1000709c                tu_edpt_stream_init
 .text.tu_edpt_stream_deinit
                0x10007108        0x4 CMakeFiles/designlab.dir/C_/Users/hoobs/.pico-sdk/sdk/2.2.0/lib/tinyusb/src/tusb.c.obj
                0x10007108                tu_edpt_stream_deinit
 .text.tu_edpt_stream_write_zlp_if_needed
                0x1000710c       0x68 CMakeFiles/designlab.dir/C_/Users/hoobs/.pico-sdk/sdk/2.2.0/lib/tinyusb/src/tusb.c.obj
                0x1000710c                tu_edpt_stream_write_zlp_if_needed
 .text.tu_edpt_stream_write_xfer
                0x10007174       0x68 CMakeFiles/designlab.dir/C_/Users/hoobs/.pico-sdk/sdk/2.2.0/lib/tinyusb/src/tusb.c.obj
                0x10007174                tu_edpt_stream_write_xfer
 .text.tu_edpt_stream_read_xfer
                0x100071dc       0xd8 CMakeFiles/designlab.dir/C_/Users/hoobs/.pico-sdk/sdk/2.2.0/lib/tinyusb/src/tusb.c.obj
                0x100071dc                tu_edpt_stream_read_xfer
 .text.tu_fifo_config
                0x100072b4       0x6c CMakeFiles/designlab.dir/C_/Users/hoobs/.pico-sdk/sdk/2.2.0/lib/tinyusb/src/common/tusb_fifo.c.obj
                0x100072b4                tu_fifo_config
 .text.tu_fifo_count
                0x10007320       0x2c CMakeFiles/designlab.dir/C_/Users/hoobs/.pico-sdk/sdk/2.2.0/lib/tinyusb/src/common/tusb_fifo.c.obj
                0x10007320                tu_fifo_count
 .text.tu_fifo_empty
                0x1000734c       0x10 CMakeFiles/designlab.dir/C_/Users/hoobs/.pico-sdk/sdk/2.2.0/lib/tinyusb/src/common/tusb_fifo.c.obj
                0x1000734c                tu_fifo_empty
 .text.tu_fifo_remaining
                0x1000735c       0x2c CMakeFiles/designlab.dir/C_/Users/hoobs/.pico-sdk/sdk/2.2.0/lib/tinyusb/src/common/tusb_fifo.c.obj
                0x1000735c                tu_fifo_remaining
 .text.tu_fifo_read
                0x10007388       0x9c CMakeFiles/designlab.dir/C_/Users/hoobs/.pico-sdk/sdk/2.2.0/lib/tinyusb/src/common/tusb_fifo.c.obj
                0x10007388                tu_fifo_read
 .text.tu_fifo_read_n
                0x10007424       0xe8 CMakeFiles/designlab.dir/C_/Users/hoobs/.pico-sdk/sdk/2.2.0/lib/tinyusb/src/common/tusb_fifo.c.obj
                0x10007424                tu_fifo_read_n
 .text.tu_fifo_write
                0x1000750c       0xa4 CMakeFiles/designlab.dir/C_/Users/hoobs/.pico-sdk/sdk/2.2.0/lib/tinyusb/src/common/tusb_fifo.c.obj
                0x1000750c                tu_fifo_write
 .text.tu_fifo_write_n
                0x100075b0      0x178 CMakeFiles/designlab.dir/C_/Users/hoobs/.pico-sdk/sdk/2.2.0/lib/tinyusb/src/common/tusb_fifo.c.obj
                0x100075b0                tu_fifo_write_n
 .text.tu_fifo_clear
                0x10007728       0x40 CMakeFiles/designlab.dir/C_/Users/hoobs/.pico-sdk/sdk/2.2.0/lib/tinyusb/src/common/tusb_fifo.c.obj
                0x10007728                tu_fifo_clear
 .text.tu_fifo_set_overwritable
                0x10007768       0x48 CMakeFiles/designlab.dir/C_/Users/hoobs/.pico-sdk/sdk/2.2.0/lib/tinyusb/src/common/tusb_fifo.c.obj
                0x10007768                tu_fifo_set_overwritable
 .text.spi_init
                0x100077b0      0x13c CMakeFiles/designlab.dir/C_/Users/hoobs/.pico-sdk/sdk/2.2.0/src/rp2_common/hardware_spi/spi.c.obj
                0x100077b0                spi_init
 .text._calloc_r
                0x100078ec       0xa8 C:/Users/hoobs/.pico-sdk/toolchain/14_2_Rel1/bin/../lib/gcc/arm-none-eabi/14.2.1/thumb/v6-m/nofp\libg.a(libc_a-callocr.o)
                0x100078ec                _calloc_r
 .text.malloc   0x10007994       0x14 C:/Users/hoobs/.pico-sdk/toolchain/14_2_Rel1/bin/../lib/gcc/arm-none-eabi/14.2.1/thumb/v6-m/nofp\libg.a(libc_a-malloc.o)
                0x10007994                malloc
 .text.free     0x100079a8       0x14 C:/Users/hoobs/.pico-sdk/toolchain/14_2_Rel1/bin/../lib/gcc/arm-none-eabi/14.2.1/thumb/v6-m/nofp\libg.a(libc_a-malloc.o)
                0x100079a8                free
 .text._malloc_r
                0x100079bc      0x5cc C:/Users/hoobs/.pico-sdk/toolchain/14_2_Rel1/bin/../lib/gcc/arm-none-eabi/14.2.1/thumb/v6-m/nofp\libg.a(libc_a-mallocr.o)
                0x100079bc                _malloc_r
 .text.__malloc_lock
                0x10007f88       0x10 C:/Users/hoobs/.pico-sdk/toolchain/14_2_Rel1/bin/../lib/gcc/arm-none-eabi/14.2.1/thumb/v6-m/nofp\libg.a(libc_a-mlock.o)
                0x10007f88                __malloc_lock
 .text.__malloc_unlock
                0x10007f98       0x10 C:/Users/hoobs/.pico-sdk/toolchain/14_2_Rel1/bin/../lib/gcc/arm-none-eabi/14.2.1/thumb/v6-m/nofp\libg.a(libc_a-mlock.o)
                0x10007f98                __malloc_unlock
 .text.realloc  0x10007fa8       0x18 C:/Users/hoobs/.pico-sdk/toolchain/14_2_Rel1/bin/../lib/gcc/arm-none-eabi/14.2.1/thumb/v6-m/nofp\libg.a(libc_a-realloc.o)
                0x10007fa8                realloc
 .text._realloc_r
                0x10007fc0      0x350 C:/Users/hoobs/.pico-sdk/toolchain/14_2_Rel1/bin/../lib/gcc/arm-none-eabi/14.2.1/thumb/v6-m/nofp\libg.a(libc_a-reallocr.o)
                0x10007fc0                _realloc_r
 .text.scanf    0x10008310       0x24 C:/Users/hoobs/.pico-sdk/toolchain/14_2_Rel1/bin/../lib/gcc/arm-none-eabi/14.2.1/thumb/v6-m/nofp\libg.a(libc_a-scanf.o)
                0x10008310                scanf
 .text.memmove  0x10008334       0xc4 C:/Users/hoobs/.pico-sdk/toolchain/14_2_Rel1/bin/../lib/gcc/arm-none-eabi/14.2.1/thumb/v6-m/nofp\libg.a(libc_a-memmove.o)
                0x10008334                memmove
 .text._sbrk_r  0x100083f8       0x24 C:/Users/hoobs/.pico-sdk/toolchain/14_2_Rel1/bin/../lib/gcc/arm-none-eabi/14.2.1/thumb/v6-m/nofp\libg.a(libc_a-sbrkr.o)
                0x100083f8                _sbrk_r
 .text.__errno  0x1000841c        0xc C:/Users/hoobs/.pico-sdk/toolchain/14_2_Rel1/bin/../lib/gcc/arm-none-eabi/14.2.1/thumb/v6-m/nofp\libg.a(libc_a-errno.o)
                0x1000841c                __errno
 .text.__retarget_lock_init_recursive
                0x10008428        0x4 C:/Users/hoobs/.pico-sdk/toolchain/14_2_Rel1/bin/../lib/gcc/arm-none-eabi/14.2.1/thumb/v6-m/nofp\libg.a(libc_a-lock.o)
                0x10008428                __retarget_lock_init_recursive
 .text.__retarget_lock_close_recursive
                0x1000842c        0x4 C:/Users/hoobs/.pico-sdk/toolchain/14_2_Rel1/bin/../lib/gcc/arm-none-eabi/14.2.1/thumb/v6-m/nofp\libg.a(libc_a-lock.o)
                0x1000842c                __retarget_lock_close_recursive
 .text.__retarget_lock_acquire_recursive
                0x10008430        0x4 C:/Users/hoobs/.pico-sdk/toolchain/14_2_Rel1/bin/../lib/gcc/arm-none-eabi/14.2.1/thumb/v6-m/nofp\libg.a(libc_a-lock.o)
                0x10008430                __retarget_lock_acquire_recursive
 .text.__retarget_lock_release_recursive
                0x10008434        0x4 C:/Users/hoobs/.pico-sdk/toolchain/14_2_Rel1/bin/../lib/gcc/arm-none-eabi/14.2.1/thumb/v6-m/nofp\libg.a(libc_a-lock.o)
                0x10008434                __retarget_lock_release_recursive
 .text.sysconf  0x10008438       0x1c C:/Users/hoobs/.pico-sdk/toolchain/14_2_Rel1/bin/../lib/gcc/arm-none-eabi/14.2.1/thumb/v6-m/nofp\libg.a(libc_a-sysconf.o)
                0x10008438                sysconf
 .text          0x10008454       0x88 C:/Users/hoobs/.pico-sdk/toolchain/14_2_Rel1/bin/../lib/gcc/arm-none-eabi/14.2.1/thumb/v6-m/nofp\libg.a(libc_a-strcmp.o)
                0x10008454                strcmp
 .text.strlen   0x100084dc       0x5c C:/Users/hoobs/.pico-sdk/toolchain/14_2_Rel1/bin/../lib/gcc/arm-none-eabi/14.2.1/thumb/v6-m/nofp\libg.a(libc_a-strlen-stub.o)
                0x100084dc                strlen
 .text._malloc_trim_r
                0x10008538       0xb4 C:/Users/hoobs/.pico-sdk/toolchain/14_2_Rel1/bin/../lib/gcc/arm-none-eabi/14.2.1/thumb/v6-m/nofp\libg.a(libc_a-freer.o)
                0x10008538                _malloc_trim_r
 .text._free_r  0x100085ec      0x1f0 C:/Users/hoobs/.pico-sdk/toolchain/14_2_Rel1/bin/../lib/gcc/arm-none-eabi/14.2.1/thumb/v6-m/nofp\libg.a(libc_a-freer.o)
                0x100085ec                _free_r
 .text._strtoul_l.isra.0
                0x100087dc      0x144 C:/Users/hoobs/.pico-sdk/toolchain/14_2_Rel1/bin/../lib/gcc/arm-none-eabi/14.2.1/thumb/v6-m/nofp\libg.a(libc_a-strtoul.o)
 .text._strtoul_r
                0x10008920        0x8 C:/Users/hoobs/.pico-sdk/toolchain/14_2_Rel1/bin/../lib/gcc/arm-none-eabi/14.2.1/thumb/v6-m/nofp\libg.a(libc_a-strtoul.o)
                0x10008920                _strtoul_r
 .text.__svfscanf_r
                0x10008928     0x1a18 C:/Users/hoobs/.pico-sdk/toolchain/14_2_Rel1/bin/../lib/gcc/arm-none-eabi/14.2.1/thumb/v6-m/nofp\libg.a(libc_a-vfscanf.o)
                0x10008928                __svfscanf_r
 .text._vfscanf_r
                0x1000a340       0x28 C:/Users/hoobs/.pico-sdk/toolchain/14_2_Rel1/bin/../lib/gcc/arm-none-eabi/14.2.1/thumb/v6-m/nofp\libg.a(libc_a-vfscanf.o)
                0x1000a340                _vfscanf_r
 .text.stdio_exit_handler
                0x1000a368       0x1c C:/Users/hoobs/.pico-sdk/toolchain/14_2_Rel1/bin/../lib/gcc/arm-none-eabi/14.2.1/thumb/v6-m/nofp\libg.a(libc_a-findfp.o)
 .text.cleanup_stdio
                0x1000a384       0x3c C:/Users/hoobs/.pico-sdk/toolchain/14_2_Rel1/bin/../lib/gcc/arm-none-eabi/14.2.1/thumb/v6-m/nofp\libg.a(libc_a-findfp.o)
 .text.global_stdio_init.part.0
                0x1000a3c0      0x118 C:/Users/hoobs/.pico-sdk/toolchain/14_2_Rel1/bin/../lib/gcc/arm-none-eabi/14.2.1/thumb/v6-m/nofp\libg.a(libc_a-findfp.o)
 .text.__sinit  0x1000a4d8       0x38 C:/Users/hoobs/.pico-sdk/toolchain/14_2_Rel1/bin/../lib/gcc/arm-none-eabi/14.2.1/thumb/v6-m/nofp\libg.a(libc_a-findfp.o)
                0x1000a4d8                __sinit
 .text.__sfp_lock_acquire
                0x1000a510       0x10 C:/Users/hoobs/.pico-sdk/toolchain/14_2_Rel1/bin/../lib/gcc/arm-none-eabi/14.2.1/thumb/v6-m/nofp\libg.a(libc_a-findfp.o)
                0x1000a510                __sfp_lock_acquire
 .text.__sfp_lock_release
                0x1000a520       0x10 C:/Users/hoobs/.pico-sdk/toolchain/14_2_Rel1/bin/../lib/gcc/arm-none-eabi/14.2.1/thumb/v6-m/nofp\libg.a(libc_a-findfp.o)
                0x1000a520                __sfp_lock_release
 .text._fread_r
                0x1000a530      0x1f8 C:/Users/hoobs/.pico-sdk/toolchain/14_2_Rel1/bin/../lib/gcc/arm-none-eabi/14.2.1/thumb/v6-m/nofp\libg.a(libc_a-fread.o)
                0x1000a530                _fread_r
 .text._fwalk_sglue
                0x1000a728       0x44 C:/Users/hoobs/.pico-sdk/toolchain/14_2_Rel1/bin/../lib/gcc/arm-none-eabi/14.2.1/thumb/v6-m/nofp\libg.a(libc_a-fwalk.o)
                0x1000a728                _fwalk_sglue
 .text.lflush   0x1000a76c       0x20 C:/Users/hoobs/.pico-sdk/toolchain/14_2_Rel1/bin/../lib/gcc/arm-none-eabi/14.2.1/thumb/v6-m/nofp\libg.a(libc_a-refill.o)
 .text.__srefill_r
                0x1000a78c      0x100 C:/Users/hoobs/.pico-sdk/toolchain/14_2_Rel1/bin/../lib/gcc/arm-none-eabi/14.2.1/thumb/v6-m/nofp\libg.a(libc_a-refill.o)
                0x1000a78c                __srefill_r
 .text.__sccl   0x1000a88c       0x80 C:/Users/hoobs/.pico-sdk/toolchain/14_2_Rel1/bin/../lib/gcc/arm-none-eabi/14.2.1/thumb/v6-m/nofp\libg.a(libc_a-sccl.o)
                0x1000a88c                __sccl
 .text.__sread  0x1000a90c       0x28 C:/Users/hoobs/.pico-sdk/toolchain/14_2_Rel1/bin/../lib/gcc/arm-none-eabi/14.2.1/thumb/v6-m/nofp\libg.a(libc_a-stdio.o)
                0x1000a90c                __sread
 .text.__swrite
                0x1000a934       0x40 C:/Users/hoobs/.pico-sdk/toolchain/14_2_Rel1/bin/../lib/gcc/arm-none-eabi/14.2.1/thumb/v6-m/nofp\libg.a(libc_a-stdio.o)
                0x1000a934                __swrite
 .text.__sseek  0x1000a974       0x2c C:/Users/hoobs/.pico-sdk/toolchain/14_2_Rel1/bin/../lib/gcc/arm-none-eabi/14.2.1/thumb/v6-m/nofp\libg.a(libc_a-stdio.o)
                0x1000a974                __sseek
 .text.__sclose
                0x1000a9a0        0xc C:/Users/hoobs/.pico-sdk/toolchain/14_2_Rel1/bin/../lib/gcc/arm-none-eabi/14.2.1/thumb/v6-m/nofp\libg.a(libc_a-stdio.o)
                0x1000a9a0                __sclose
 .text.__submore
                0x1000a9ac       0x84 C:/Users/hoobs/.pico-sdk/toolchain/14_2_Rel1/bin/../lib/gcc/arm-none-eabi/14.2.1/thumb/v6-m/nofp\libg.a(libc_a-ungetc.o)
                0x1000a9ac                __submore
 .text._ungetc_r
                0x1000aa30      0x134 C:/Users/hoobs/.pico-sdk/toolchain/14_2_Rel1/bin/../lib/gcc/arm-none-eabi/14.2.1/thumb/v6-m/nofp\libg.a(libc_a-ungetc.o)
                0x1000aa30                _ungetc_r
 .text.strncmp  0x1000ab64       0x68 C:/Users/hoobs/.pico-sdk/toolchain/14_2_Rel1/bin/../lib/gcc/arm-none-eabi/14.2.1/thumb/v6-m/nofp\libg.a(libc_a-strncmp.o)
                0x1000ab64                strncmp
 .text.stpncpy  0x1000abcc       0x74 C:/Users/hoobs/.pico-sdk/toolchain/14_2_Rel1/bin/../lib/gcc/arm-none-eabi/14.2.1/thumb/v6-m/nofp\libg.a(libc_a-stpncpy.o)
                0x1000abcc                stpncpy
 .text.__locale_mb_cur_max
                0x1000ac40       0x10 C:/Users/hoobs/.pico-sdk/toolchain/14_2_Rel1/bin/../lib/gcc/arm-none-eabi/14.2.1/thumb/v6-m/nofp\libg.a(libc_a-locale.o)
                0x1000ac40                __locale_mb_cur_max
 .text._localeconv_r
                0x1000ac50        0x8 C:/Users/hoobs/.pico-sdk/toolchain/14_2_Rel1/bin/../lib/gcc/arm-none-eabi/14.2.1/thumb/v6-m/nofp\libg.a(libc_a-localeconv.o)
                0x1000ac50                _localeconv_r
 .text._close_r
                0x1000ac58       0x24 C:/Users/hoobs/.pico-sdk/toolchain/14_2_Rel1/bin/../lib/gcc/arm-none-eabi/14.2.1/thumb/v6-m/nofp\libg.a(libc_a-closer.o)
                0x1000ac58                _close_r
 .text._lseek_r
                0x1000ac7c       0x28 C:/Users/hoobs/.pico-sdk/toolchain/14_2_Rel1/bin/../lib/gcc/arm-none-eabi/14.2.1/thumb/v6-m/nofp\libg.a(libc_a-lseekr.o)
                0x1000ac7c                _lseek_r
 .text._read_r  0x1000aca4       0x28 C:/Users/hoobs/.pico-sdk/toolchain/14_2_Rel1/bin/../lib/gcc/arm-none-eabi/14.2.1/thumb/v6-m/nofp\libg.a(libc_a-readr.o)
                0x1000aca4                _read_r
 .text._write_r
                0x1000accc       0x28 C:/Users/hoobs/.pico-sdk/toolchain/14_2_Rel1/bin/../lib/gcc/arm-none-eabi/14.2.1/thumb/v6-m/nofp\libg.a(libc_a-writer.o)
                0x1000accc                _write_r
 .text.nanf     0x1000acf4        0x8 C:/Users/hoobs/.pico-sdk/toolchain/14_2_Rel1/bin/../lib/gcc/arm-none-eabi/14.2.1/thumb/v6-m/nofp\libg.a(libm_a-sf_nan.o)
                0x1000acf4                nanf
 .text.__ascii_mbtowc
                0x1000acfc       0x2c C:/Users/hoobs/.pico-sdk/toolchain/14_2_Rel1/bin/../lib/gcc/arm-none-eabi/14.2.1/thumb/v6-m/nofp\libg.a(libc_a-mbtowc_r.o)
                0x1000acfc                __ascii_mbtowc
 .text.sulp     0x1000ad28       0x30 C:/Users/hoobs/.pico-sdk/toolchain/14_2_Rel1/bin/../lib/gcc/arm-none-eabi/14.2.1/thumb/v6-m/nofp\libg.a(libc_a-strtod.o)
 .text._strtod_l
                0x1000ad58      0xfdc C:/Users/hoobs/.pico-sdk/toolchain/14_2_Rel1/bin/../lib/gcc/arm-none-eabi/14.2.1/thumb/v6-m/nofp\libg.a(libc_a-strtod.o)
                0x1000ad58                _strtod_l
 .text._strtod_r
                0x1000bd34       0x10 C:/Users/hoobs/.pico-sdk/toolchain/14_2_Rel1/bin/../lib/gcc/arm-none-eabi/14.2.1/thumb/v6-m/nofp\libg.a(libc_a-strtod.o)
                0x1000bd34                _strtod_r
 .text._strtol_l.isra.0
                0x1000bd44      0x158 C:/Users/hoobs/.pico-sdk/toolchain/14_2_Rel1/bin/../lib/gcc/arm-none-eabi/14.2.1/thumb/v6-m/nofp\libg.a(libc_a-strtol.o)
 .text._strtol_r
                0x1000be9c        0x8 C:/Users/hoobs/.pico-sdk/toolchain/14_2_Rel1/bin/../lib/gcc/arm-none-eabi/14.2.1/thumb/v6-m/nofp\libg.a(libc_a-strtol.o)
                0x1000be9c                _strtol_r
 .text.__ascii_wctomb
                0x1000bea4       0x1c C:/Users/hoobs/.pico-sdk/toolchain/14_2_Rel1/bin/../lib/gcc/arm-none-eabi/14.2.1/thumb/v6-m/nofp\libg.a(libc_a-wctomb_r.o)
                0x1000bea4                __ascii_wctomb
 .text._strtoll_l.isra.0
                0x1000bec0      0x1a0 C:/Users/hoobs/.pico-sdk/toolchain/14_2_Rel1/bin/../lib/gcc/arm-none-eabi/14.2.1/thumb/v6-m/nofp\libg.a(libc_a-strtoll.o)
 .text._strtoll_r
                0x1000c060        0x8 C:/Users/hoobs/.pico-sdk/toolchain/14_2_Rel1/bin/../lib/gcc/arm-none-eabi/14.2.1/thumb/v6-m/nofp\libg.a(libc_a-strtoll.o)
                0x1000c060                _strtoll_r
 .text._strtoull_l.isra.0
                0x1000c068      0x1c4 C:/Users/hoobs/.pico-sdk/toolchain/14_2_Rel1/bin/../lib/gcc/arm-none-eabi/14.2.1/thumb/v6-m/nofp\libg.a(libc_a-strtoull.o)
 .text._strtoull_r
                0x1000c22c        0x8 C:/Users/hoobs/.pico-sdk/toolchain/14_2_Rel1/bin/../lib/gcc/arm-none-eabi/14.2.1/thumb/v6-m/nofp\libg.a(libc_a-strtoull.o)
                0x1000c22c                _strtoull_r
 .text._mbrtowc_r
                0x1000c234       0x54 C:/Users/hoobs/.pico-sdk/toolchain/14_2_Rel1/bin/../lib/gcc/arm-none-eabi/14.2.1/thumb/v6-m/nofp\libg.a(libc_a-mbrtowc.o)
                0x1000c234                _mbrtowc_r
 .text.iswspace
                0x1000c288        0xc C:/Users/hoobs/.pico-sdk/toolchain/14_2_Rel1/bin/../lib/gcc/arm-none-eabi/14.2.1/thumb/v6-m/nofp\libg.a(libc_a-iswspace.o)
                0x1000c288                iswspace
 .text.iswspace_l
                0x1000c294       0x24 C:/Users/hoobs/.pico-sdk/toolchain/14_2_Rel1/bin/../lib/gcc/arm-none-eabi/14.2.1/thumb/v6-m/nofp\libg.a(libc_a-iswspace_l.o)
                0x1000c294                iswspace_l
 .text.__jp2uc  0x1000c2b8      0x154 C:/Users/hoobs/.pico-sdk/toolchain/14_2_Rel1/bin/../lib/gcc/arm-none-eabi/14.2.1/thumb/v6-m/nofp\libg.a(libc_a-jp2uc.o)
 .text._jp2uc_l
                0x1000c40c       0x68 C:/Users/hoobs/.pico-sdk/toolchain/14_2_Rel1/bin/../lib/gcc/arm-none-eabi/14.2.1/thumb/v6-m/nofp\libg.a(libc_a-jp2uc.o)
                0x1000c40c                _jp2uc_l
 .text._fclose_r
                0x1000c474       0xcc C:/Users/hoobs/.pico-sdk/toolchain/14_2_Rel1/bin/../lib/gcc/arm-none-eabi/14.2.1/thumb/v6-m/nofp\libg.a(libc_a-fclose.o)
                0x1000c474                _fclose_r
 .text.__sflush_r
                0x1000c540      0x13c C:/Users/hoobs/.pico-sdk/toolchain/14_2_Rel1/bin/../lib/gcc/arm-none-eabi/14.2.1/thumb/v6-m/nofp\libg.a(libc_a-fflush.o)
                0x1000c540                __sflush_r
 .text._fflush_r
                0x1000c67c       0x68 C:/Users/hoobs/.pico-sdk/toolchain/14_2_Rel1/bin/../lib/gcc/arm-none-eabi/14.2.1/thumb/v6-m/nofp\libg.a(libc_a-fflush.o)
                0x1000c67c                _fflush_r
 .text.__smakebuf_r
                0x1000c6e4       0xd4 C:/Users/hoobs/.pico-sdk/toolchain/14_2_Rel1/bin/../lib/gcc/arm-none-eabi/14.2.1/thumb/v6-m/nofp\libg.a(libc_a-makebuf.o)
                0x1000c6e4                __smakebuf_r
 .text._fstat_r
                0x1000c7b8       0x28 C:/Users/hoobs/.pico-sdk/toolchain/14_2_Rel1/bin/../lib/gcc/arm-none-eabi/14.2.1/thumb/v6-m/nofp\libg.a(libc_a-fstatr.o)
                0x1000c7b8                _fstat_r
 .text._isatty_r
                0x1000c7e0       0x24 C:/Users/hoobs/.pico-sdk/toolchain/14_2_Rel1/bin/../lib/gcc/arm-none-eabi/14.2.1/thumb/v6-m/nofp\libg.a(libc_a-isattyr.o)
                0x1000c7e0                _isatty_r
 .text.nan      0x1000c804        0xc C:/Users/hoobs/.pico-sdk/toolchain/14_2_Rel1/bin/../lib/gcc/arm-none-eabi/14.2.1/thumb/v6-m/nofp\libg.a(libm_a-s_nan.o)
                0x1000c804                nan
 .text.rshift   0x1000c810       0xb0 C:/Users/hoobs/.pico-sdk/toolchain/14_2_Rel1/bin/../lib/gcc/arm-none-eabi/14.2.1/thumb/v6-m/nofp\libg.a(libc_a-gdtoa-gethex.o)
 .text.__gethex
                0x1000c8c0      0x5f4 C:/Users/hoobs/.pico-sdk/toolchain/14_2_Rel1/bin/../lib/gcc/arm-none-eabi/14.2.1/thumb/v6-m/nofp\libg.a(libc_a-gdtoa-gethex.o)
                0x1000c8c0                __gethex
 .text.__match  0x1000ceb4       0x2c C:/Users/hoobs/.pico-sdk/toolchain/14_2_Rel1/bin/../lib/gcc/arm-none-eabi/14.2.1/thumb/v6-m/nofp\libg.a(libc_a-gdtoa-hexnan.o)
                0x1000ceb4                __match
 .text.__hexnan
                0x1000cee0      0x208 C:/Users/hoobs/.pico-sdk/toolchain/14_2_Rel1/bin/../lib/gcc/arm-none-eabi/14.2.1/thumb/v6-m/nofp\libg.a(libc_a-gdtoa-hexnan.o)
                0x1000cee0                __hexnan
 .text._Balloc  0x1000d0e8       0x50 C:/Users/hoobs/.pico-sdk/toolchain/14_2_Rel1/bin/../lib/gcc/arm-none-eabi/14.2.1/thumb/v6-m/nofp\libg.a(libc_a-mprec.o)
                0x1000d0e8                _Balloc
 .text._Bfree   0x1000d138       0x14 C:/Users/hoobs/.pico-sdk/toolchain/14_2_Rel1/bin/../lib/gcc/arm-none-eabi/14.2.1/thumb/v6-m/nofp\libg.a(libc_a-mprec.o)
                0x1000d138                _Bfree
 .text.__multadd
                0x1000d14c       0xa4 C:/Users/hoobs/.pico-sdk/toolchain/14_2_Rel1/bin/../lib/gcc/arm-none-eabi/14.2.1/thumb/v6-m/nofp\libg.a(libc_a-mprec.o)
                0x1000d14c                __multadd
 .text.__s2b    0x1000d1f0       0xb0 C:/Users/hoobs/.pico-sdk/toolchain/14_2_Rel1/bin/../lib/gcc/arm-none-eabi/14.2.1/thumb/v6-m/nofp\libg.a(libc_a-mprec.o)
                0x1000d1f0                __s2b
 .text.__hi0bits
                0x1000d2a0       0x60 C:/Users/hoobs/.pico-sdk/toolchain/14_2_Rel1/bin/../lib/gcc/arm-none-eabi/14.2.1/thumb/v6-m/nofp\libg.a(libc_a-mprec.o)
                0x1000d2a0                __hi0bits
 .text.__lo0bits
                0x1000d300       0x90 C:/Users/hoobs/.pico-sdk/toolchain/14_2_Rel1/bin/../lib/gcc/arm-none-eabi/14.2.1/thumb/v6-m/nofp\libg.a(libc_a-mprec.o)
                0x1000d300                __lo0bits
 .text.__i2b    0x1000d390       0x60 C:/Users/hoobs/.pico-sdk/toolchain/14_2_Rel1/bin/../lib/gcc/arm-none-eabi/14.2.1/thumb/v6-m/nofp\libg.a(libc_a-mprec.o)
                0x1000d390                __i2b
 .text.__multiply
                0x1000d3f0      0x1b0 C:/Users/hoobs/.pico-sdk/toolchain/14_2_Rel1/bin/../lib/gcc/arm-none-eabi/14.2.1/thumb/v6-m/nofp\libg.a(libc_a-mprec.o)
                0x1000d3f0                __multiply
 .text.__pow5mult
                0x1000d5a0       0xd8 C:/Users/hoobs/.pico-sdk/toolchain/14_2_Rel1/bin/../lib/gcc/arm-none-eabi/14.2.1/thumb/v6-m/nofp\libg.a(libc_a-mprec.o)
                0x1000d5a0                __pow5mult
 .text.__lshift
                0x1000d678       0xfc C:/Users/hoobs/.pico-sdk/toolchain/14_2_Rel1/bin/../lib/gcc/arm-none-eabi/14.2.1/thumb/v6-m/nofp\libg.a(libc_a-mprec.o)
                0x1000d678                __lshift
 .text.__mcmp   0x1000d774       0x3c C:/Users/hoobs/.pico-sdk/toolchain/14_2_Rel1/bin/../lib/gcc/arm-none-eabi/14.2.1/thumb/v6-m/nofp\libg.a(libc_a-mprec.o)
                0x1000d774                __mcmp
 .text.__mdiff  0x1000d7b0      0x1a8 C:/Users/hoobs/.pico-sdk/toolchain/14_2_Rel1/bin/../lib/gcc/arm-none-eabi/14.2.1/thumb/v6-m/nofp\libg.a(libc_a-mprec.o)
                0x1000d7b0                __mdiff
 .text.__ulp    0x1000d958       0x40 C:/Users/hoobs/.pico-sdk/toolchain/14_2_Rel1/bin/../lib/gcc/arm-none-eabi/14.2.1/thumb/v6-m/nofp\libg.a(libc_a-mprec.o)
                0x1000d958                __ulp
 .text.__b2d    0x1000d998       0xb8 C:/Users/hoobs/.pico-sdk/toolchain/14_2_Rel1/bin/../lib/gcc/arm-none-eabi/14.2.1/thumb/v6-m/nofp\libg.a(libc_a-mprec.o)
                0x1000d998                __b2d
 .text.__d2b    0x1000da50       0xc4 C:/Users/hoobs/.pico-sdk/toolchain/14_2_Rel1/bin/../lib/gcc/arm-none-eabi/14.2.1/thumb/v6-m/nofp\libg.a(libc_a-mprec.o)
                0x1000da50                __d2b
 .text.__ratio  0x1000db14       0x68 C:/Users/hoobs/.pico-sdk/toolchain/14_2_Rel1/bin/../lib/gcc/arm-none-eabi/14.2.1/thumb/v6-m/nofp\libg.a(libc_a-mprec.o)
                0x1000db14                __ratio
 .text.__copybits
                0x1000db7c       0x40 C:/Users/hoobs/.pico-sdk/toolchain/14_2_Rel1/bin/../lib/gcc/arm-none-eabi/14.2.1/thumb/v6-m/nofp\libg.a(libc_a-mprec.o)
                0x1000db7c                __copybits
 .text.__any_on
                0x1000dbbc       0x4c C:/Users/hoobs/.pico-sdk/toolchain/14_2_Rel1/bin/../lib/gcc/arm-none-eabi/14.2.1/thumb/v6-m/nofp\libg.a(libc_a-mprec.o)
                0x1000dbbc                __any_on
 .text.category
                0x1000dc08       0x54 C:/Users/hoobs/.pico-sdk/toolchain/14_2_Rel1/bin/../lib/gcc/arm-none-eabi/14.2.1/thumb/v6-m/nofp\libg.a(libc_a-categories.o)
                0x1000dc08                category
 *(.fini)
 .fini          0x1000dc5c        0x4 C:/Users/hoobs/.pico-sdk/toolchain/14_2_Rel1/bin/../lib/gcc/arm-none-eabi/14.2.1/thumb/v6-m/nofp/crti.o
                0x1000dc5c                _fini
 .fini.__stub   0x1000dc60       0xe0 linker stubs
 *crtbegin.o(.ctors)
 *crtbegin?.o(.ctors)
 *(EXCLUDE_FILE(*crtend.o *crtend?.o) .ctors)
 *(SORT_BY_NAME(.ctors.*))
 *(.ctors)
 *crtbegin.o(.dtors)
 *crtbegin?.o(.dtors)
 *(EXCLUDE_FILE(*crtend.o *crtend?.o) .dtors)
 *(SORT_BY_NAME(.dtors.*))
 *(.dtors)
                0x1000dd40                        . = ALIGN (0x4)
                0x1000dd40                        PROVIDE (__preinit_array_start = .)
 *(SORT_BY_NAME(.preinit_array.*))
 .preinit_array.00100
                0x1000dd40        0x4 CMakeFiles/designlab.dir/C_/Users/hoobs/.pico-sdk/sdk/2.2.0/src/rp2_common/pico_runtime_init/runtime_init.c.obj
                0x1000dd40                __pre_init_runtime_init_early_resets
 .preinit_array.00101
                0x1000dd44        0x4 CMakeFiles/designlab.dir/C_/Users/hoobs/.pico-sdk/sdk/2.2.0/src/rp2_common/pico_runtime_init/runtime_init.c.obj
                0x1000dd44                __pre_init_runtime_init_usb_power_down
 .preinit_array.00275
                0x1000dd48        0x4 CMakeFiles/designlab.dir/C_/Users/hoobs/.pico-sdk/sdk/2.2.0/src/rp2_common/pico_bit_ops/bit_ops_aeabi.S.obj
 .preinit_array.00300
                0x1000dd4c        0x4 CMakeFiles/designlab.dir/C_/Users/hoobs/.pico-sdk/sdk/2.2.0/src/rp2_common/pico_mem_ops/mem_ops_aeabi.S.obj
 .preinit_array.00350
                0x1000dd50        0x4 CMakeFiles/designlab.dir/C_/Users/hoobs/.pico-sdk/sdk/2.2.0/src/rp2_common/pico_double/double_aeabi_rp2040.S.obj
 .preinit_array.00350
                0x1000dd54        0x4 CMakeFiles/designlab.dir/C_/Users/hoobs/.pico-sdk/sdk/2.2.0/src/rp2_common/pico_float/float_aeabi_rp2040.S.obj
 .preinit_array.00500
                0x1000dd58        0x4 CMakeFiles/designlab.dir/C_/Users/hoobs/.pico-sdk/sdk/2.2.0/src/rp2_common/pico_runtime_init/runtime_init.c.obj
                0x1000dd58                __pre_init_runtime_init_clocks
 .preinit_array.00600
                0x1000dd5c        0x4 CMakeFiles/designlab.dir/C_/Users/hoobs/.pico-sdk/sdk/2.2.0/src/rp2_common/pico_runtime_init/runtime_init.c.obj
                0x1000dd5c                __pre_init_runtime_init_post_clock_resets
 .preinit_array.00700
                0x1000dd60        0x4 CMakeFiles/designlab.dir/C_/Users/hoobs/.pico-sdk/sdk/2.2.0/src/rp2_common/pico_runtime_init/runtime_init.c.obj
                0x1000dd60                __pre_init_runtime_init_rp2040_gpio_ie_disable
 .preinit_array.01000
                0x1000dd64        0x4 CMakeFiles/designlab.dir/C_/Users/hoobs/.pico-sdk/sdk/2.2.0/src/rp2_common/pico_runtime_init/runtime_init.c.obj
                0x1000dd64                __pre_init_runtime_init_spin_locks_reset
 .preinit_array.01100
                0x1000dd68        0x4 CMakeFiles/designlab.dir/C_/Users/hoobs/.pico-sdk/sdk/2.2.0/src/common/pico_sync/mutex.c.obj
                0x1000dd68                __pre_init_runtime_init_mutex
 .preinit_array.10080
                0x1000dd6c        0x4 CMakeFiles/designlab.dir/C_/Users/hoobs/.pico-sdk/sdk/2.2.0/src/rp2_common/pico_runtime_init/runtime_init.c.obj
                0x1000dd6c                __pre_init_runtime_init_install_ram_vector_table
 .preinit_array.11000
                0x1000dd70        0x4 CMakeFiles/designlab.dir/C_/Users/hoobs/.pico-sdk/sdk/2.2.0/src/common/pico_time/time.c.obj
                0x1000dd70                __pre_init_runtime_init_default_alarm_pool
 .preinit_array.YYYYY
                0x1000dd74        0x4 CMakeFiles/designlab.dir/C_/Users/hoobs/.pico-sdk/sdk/2.2.0/src/rp2_common/pico_runtime/runtime.c.obj
                0x1000dd74                __pre_init_first_per_core_initializer
 .preinit_array.ZZZZZ.01200
                0x1000dd78        0x4 CMakeFiles/designlab.dir/C_/Users/hoobs/.pico-sdk/sdk/2.2.0/src/rp2_common/hardware_irq/irq.c.obj
                0x1000dd78                __pre_init_runtime_init_per_core_irq_priorities
 *(.preinit_array)
                0x1000dd7c                        PROVIDE (__preinit_array_end = .)
                0x1000dd7c                        . = ALIGN (0x4)
                0x1000dd7c                        PROVIDE (__init_array_start = .)
 *(SORT_BY_NAME(.init_array.*))
 .init_array.01000
                0x1000dd7c        0x4 CMakeFiles/designlab.dir/C_/Users/hoobs/.pico-sdk/sdk/2.2.0/src/rp2_common/pico_unique_id/unique_id.c.obj
 *(.init_array)
 .init_array    0x1000dd80        0x4 C:/Users/hoobs/.pico-sdk/toolchain/14_2_Rel1/bin/../lib/gcc/arm-none-eabi/14.2.1/thumb/v6-m/nofp/crtbegin.o
                0x1000dd84                        PROVIDE (__init_array_end = .)
                0x1000dd84                        . = ALIGN (0x4)
                [!provide]                        PROVIDE (__fini_array_start = .)
 *(SORT_BY_NAME(.fini_array.*))
 *(.fini_array)
                [!provide]                        PROVIDE (__fini_array_end = .)
 *(.eh_frame*)
 .eh_frame      0x1000dd84        0x0 C:/Users/hoobs/.pico-sdk/toolchain/14_2_Rel1/bin/../lib/gcc/arm-none-eabi/14.2.1/thumb/v6-m/nofp/crtbegin.o
                0x1000dd84                        . = ALIGN (0x4)

.glue_7         0x1000dd84        0x0
 .glue_7        0x1000dd84        0x0 linker stubs

.glue_7t        0x1000dd84        0x0
 .glue_7t       0x1000dd84        0x0 linker stubs

.vfp11_veneer   0x1000dd84        0x0
 .vfp11_veneer  0x1000dd84        0x0 linker stubs

.v4_bx          0x1000dd84        0x0
 .v4_bx         0x1000dd84        0x0 linker stubs

.iplt           0x1000dd84        0x0
 .iplt          0x1000dd84        0x0 C:/Users/hoobs/.pico-sdk/toolchain/14_2_Rel1/bin/../lib/gcc/arm-none-eabi/14.2.1/thumb/v6-m/nofp/crtbegin.o

.rodata         0x1000dd88     0x87d4
 *(EXCLUDE_FILE(*libm.a: *libc.a:*lib_a-mem*.o *libgcc.a:) .rodata*)
 .rodata.gpx2_write_and_verify_config.constprop.0.str1.4
                0x1000dd88      0xe72 CMakeFiles/designlab.dir/designlab.c.obj
                                 0x2a (size before relaxing)
 .rodata.gpx2_validate_input.str1.4
                0x1000ebfa      0x64d CMakeFiles/designlab.dir/designlab.c.obj
 .rodata.main.str1.4
                0x1000ebfa      0x4d6 CMakeFiles/designlab.dir/designlab.c.obj
 *fill*         0x1000ebfa        0x2 
 .rodata.main   0x1000ebfc      0x1c4 CMakeFiles/designlab.dir/designlab.c.obj
 .rodata.panic.str1.4
                0x1000edc0       0x12 CMakeFiles/designlab.dir/C_/Users/hoobs/.pico-sdk/sdk/2.2.0/src/rp2_common/pico_platform_panic/panic.c.obj
 .rodata.spin_lock_claim_unused.str1.4
                0x1000edc0       0x1b CMakeFiles/designlab.dir/C_/Users/hoobs/.pico-sdk/sdk/2.2.0/src/rp2_common/hardware_sync/sync.c.obj
 .rodata.user_irq_claim_unused.str1.4
                0x1000edc0       0x1b CMakeFiles/designlab.dir/C_/Users/hoobs/.pico-sdk/sdk/2.2.0/src/rp2_common/hardware_irq/irq.c.obj
 .rodata.at_the_end_of_time
                0x1000edc0        0x8 CMakeFiles/designlab.dir/C_/Users/hoobs/.pico-sdk/sdk/2.2.0/src/common/pico_time/time.c.obj
                0x1000edc0                at_the_end_of_time
 .rodata.timer_hardware_alarm_claim.str1.4
                0x1000edc8       0x22 CMakeFiles/designlab.dir/C_/Users/hoobs/.pico-sdk/sdk/2.2.0/src/rp2_common/hardware_timer/timer.c.obj
 .rodata.hard_assertion_failure.str1.4
                0x1000edc8        0xc CMakeFiles/designlab.dir/C_/Users/hoobs/.pico-sdk/sdk/2.2.0/src/rp2_common/pico_runtime/runtime.c.obj
 .rodata.missing_double_func_shim.str1.4
                0x1000edc8       0x18 CMakeFiles/designlab.dir/C_/Users/hoobs/.pico-sdk/sdk/2.2.0/src/rp2_common/pico_double/double_init_rom_rp2040.c.obj
 .rodata.missing_float_func_shim.str1.4
                0x1000edc8        0x1 CMakeFiles/designlab.dir/C_/Users/hoobs/.pico-sdk/sdk/2.2.0/src/rp2_common/pico_float/float_init_rom_rp2040.c.obj
 .rodata.__wrap_malloc.str1.4
                0x1000edc8        0xe CMakeFiles/designlab.dir/C_/Users/hoobs/.pico-sdk/sdk/2.2.0/src/rp2_common/pico_malloc/malloc.c.obj
 .rodata.str1.4
                0x1000edc8       0x44 CMakeFiles/designlab.dir/C_/Users/hoobs/.pico-sdk/sdk/2.2.0/src/rp2_common/pico_standard_binary_info/standard_binary_info.c.obj
 .rodata.__bi_84
                0x1000edc8        0xc CMakeFiles/designlab.dir/C_/Users/hoobs/.pico-sdk/sdk/2.2.0/src/rp2_common/pico_standard_binary_info/standard_binary_info.c.obj
 .rodata.__bi_78
                0x1000edd4        0xc CMakeFiles/designlab.dir/C_/Users/hoobs/.pico-sdk/sdk/2.2.0/src/rp2_common/pico_standard_binary_info/standard_binary_info.c.obj
 .rodata.__bi_60
                0x1000ede0        0xc CMakeFiles/designlab.dir/C_/Users/hoobs/.pico-sdk/sdk/2.2.0/src/rp2_common/pico_standard_binary_info/standard_binary_info.c.obj
 .rodata.__bi_54
                0x1000edec        0xc CMakeFiles/designlab.dir/C_/Users/hoobs/.pico-sdk/sdk/2.2.0/src/rp2_common/pico_standard_binary_info/standard_binary_info.c.obj
 .rodata.__bi_48
                0x1000edf8        0xc CMakeFiles/designlab.dir/C_/Users/hoobs/.pico-sdk/sdk/2.2.0/src/rp2_common/pico_standard_binary_info/standard_binary_info.c.obj
 .rodata.__bi_42
                0x1000ee04        0xc CMakeFiles/designlab.dir/C_/Users/hoobs/.pico-sdk/sdk/2.2.0/src/rp2_common/pico_standard_binary_info/standard_binary_info.c.obj
 .rodata.__bi_34
                0x1000ee10        0xc CMakeFiles/designlab.dir/C_/Users/hoobs/.pico-sdk/sdk/2.2.0/src/rp2_common/pico_standard_binary_info/standard_binary_info.c.obj
 .rodata.__bi_26
                0x1000ee1c        0xc CMakeFiles/designlab.dir/C_/Users/hoobs/.pico-sdk/sdk/2.2.0/src/rp2_common/pico_standard_binary_info/standard_binary_info.c.obj
 .rodata._ftoa.str1.4
                0x1000ee28       0x15 CMakeFiles/designlab.dir/C_/Users/hoobs/.pico-sdk/sdk/2.2.0/src/rp2_common/pico_printf/printf.c.obj
 .rodata._vsnprintf
                0x1000ee28      0x19c CMakeFiles/designlab.dir/C_/Users/hoobs/.pico-sdk/sdk/2.2.0/src/rp2_common/pico_printf/printf.c.obj
 *fill*         0x1000efc4        0x4 
 .rodata.pow10.0
                0x1000efc8       0x50 CMakeFiles/designlab.dir/C_/Users/hoobs/.pico-sdk/sdk/2.2.0/src/rp2_common/pico_printf/printf.c.obj
 .rodata.__assert_func.str1.4
                0x1000f018       0x43 CMakeFiles/designlab.dir/C_/Users/hoobs/.pico-sdk/sdk/2.2.0/src/rp2_common/pico_clib_interface/newlib_interface.c.obj
 .rodata.crlf_str.0
                0x1000f018        0x2 CMakeFiles/designlab.dir/C_/Users/hoobs/.pico-sdk/sdk/2.2.0/src/rp2_common/pico_stdio/stdio.c.obj
 *fill*         0x1000f01a        0x2 
 .rodata._resetd_driver
                0x1000f01c       0x20 CMakeFiles/designlab.dir/C_/Users/hoobs/.pico-sdk/sdk/2.2.0/src/rp2_common/pico_stdio_usb/reset_interface.c.obj
 .rodata.desc_ms_os_20
                0x1000f03c       0xa6 CMakeFiles/designlab.dir/C_/Users/hoobs/.pico-sdk/sdk/2.2.0/src/rp2_common/pico_stdio_usb/reset_interface.c.obj
 *fill*         0x1000f0e2        0x2 
 .rodata.desc_bos
                0x1000f0e4       0x21 CMakeFiles/designlab.dir/C_/Users/hoobs/.pico-sdk/sdk/2.2.0/src/rp2_common/pico_stdio_usb/reset_interface.c.obj
                0x1000f0e4                desc_bos
 .rodata.str1.4
                0x1000f105       0x13 CMakeFiles/designlab.dir/C_/Users/hoobs/.pico-sdk/sdk/2.2.0/src/rp2_common/pico_stdio_usb/stdio_usb.c.obj
 *fill*         0x1000f105        0x3 
 .rodata.__bi_202.0
                0x1000f108        0xc CMakeFiles/designlab.dir/C_/Users/hoobs/.pico-sdk/sdk/2.2.0/src/rp2_common/pico_stdio_usb/stdio_usb.c.obj
 .rodata.str1.4
                0x1000f114       0x2a CMakeFiles/designlab.dir/C_/Users/hoobs/.pico-sdk/sdk/2.2.0/src/rp2_common/pico_stdio_usb/stdio_usb_descriptors.c.obj
 .rodata.usbd_desc_str
                0x1000f114       0x18 CMakeFiles/designlab.dir/C_/Users/hoobs/.pico-sdk/sdk/2.2.0/src/rp2_common/pico_stdio_usb/stdio_usb_descriptors.c.obj
 .rodata.usbd_desc_cfg
                0x1000f12c       0x54 CMakeFiles/designlab.dir/C_/Users/hoobs/.pico-sdk/sdk/2.2.0/src/rp2_common/pico_stdio_usb/stdio_usb_descriptors.c.obj
 .rodata.usbd_desc_device
                0x1000f180       0x12 CMakeFiles/designlab.dir/C_/Users/hoobs/.pico-sdk/sdk/2.2.0/src/rp2_common/pico_stdio_usb/stdio_usb_descriptors.c.obj
 .rodata.str1.4
                0x1000f192       0x14 CMakeFiles/designlab.dir/C_/Users/hoobs/.pico-sdk/sdk/2.2.0/lib/tinyusb/src/portable/raspberrypi/rp2040/dcd_rp2040.c.obj
 .rodata.str1.4
                0x1000f192       0x48 CMakeFiles/designlab.dir/C_/Users/hoobs/.pico-sdk/sdk/2.2.0/lib/tinyusb/src/portable/raspberrypi/rp2040/rp2040_usb.c.obj
 *fill*         0x1000f192        0x2 
 .rodata.tud_task_ext
                0x1000f194       0x8c CMakeFiles/designlab.dir/C_/Users/hoobs/.pico-sdk/sdk/2.2.0/lib/tinyusb/src/device/usbd.c.obj
 .rodata        0x1000f220       0x1c CMakeFiles/designlab.dir/C_/Users/hoobs/.pico-sdk/sdk/2.2.0/lib/tinyusb/src/device/usbd.c.obj
 .rodata._usbd_driver
                0x1000f23c       0x40 CMakeFiles/designlab.dir/C_/Users/hoobs/.pico-sdk/sdk/2.2.0/lib/tinyusb/src/device/usbd.c.obj
 .rodata._ctype_
                0x1000f27c      0x101 C:/Users/hoobs/.pico-sdk/toolchain/14_2_Rel1/bin/../lib/gcc/arm-none-eabi/14.2.1/thumb/v6-m/nofp\libg.a(libc_a-ctype_.o)
                0x1000f27c                _ctype_
 .rodata.__svfscanf_r.str1.4
                0x1000f37d        0x9 C:/Users/hoobs/.pico-sdk/toolchain/14_2_Rel1/bin/../lib/gcc/arm-none-eabi/14.2.1/thumb/v6-m/nofp\libg.a(libc_a-vfscanf.o)
 *fill*         0x1000f37d        0x3 
 .rodata.__svfscanf_r
                0x1000f380      0x3cc C:/Users/hoobs/.pico-sdk/toolchain/14_2_Rel1/bin/../lib/gcc/arm-none-eabi/14.2.1/thumb/v6-m/nofp\libg.a(libc_a-vfscanf.o)
 .rodata.basefix.0
                0x1000f74c       0x22 C:/Users/hoobs/.pico-sdk/toolchain/14_2_Rel1/bin/../lib/gcc/arm-none-eabi/14.2.1/thumb/v6-m/nofp\libg.a(libc_a-vfscanf.o)
 .rodata.str1.4
                0x1000f76e       0x4c C:/Users/hoobs/.pico-sdk/toolchain/14_2_Rel1/bin/../lib/gcc/arm-none-eabi/14.2.1/thumb/v6-m/nofp\libg.a(libc_a-locale.o)
 .rodata._strtod_l.str1.4
                0x1000f76e       0x15 C:/Users/hoobs/.pico-sdk/toolchain/14_2_Rel1/bin/../lib/gcc/arm-none-eabi/14.2.1/thumb/v6-m/nofp\libg.a(libc_a-strtod.o)
 *fill*         0x1000f76e        0x2 
 .rodata._strtod_l
                0x1000f770       0xd0 C:/Users/hoobs/.pico-sdk/toolchain/14_2_Rel1/bin/../lib/gcc/arm-none-eabi/14.2.1/thumb/v6-m/nofp\libg.a(libc_a-strtod.o)
 .rodata.fpinan.0
                0x1000f840       0x14 C:/Users/hoobs/.pico-sdk/toolchain/14_2_Rel1/bin/../lib/gcc/arm-none-eabi/14.2.1/thumb/v6-m/nofp\libg.a(libc_a-strtod.o)
 .rodata.fpi.1  0x1000f854       0x14 C:/Users/hoobs/.pico-sdk/toolchain/14_2_Rel1/bin/../lib/gcc/arm-none-eabi/14.2.1/thumb/v6-m/nofp\libg.a(libc_a-strtod.o)
 .rodata.tinytens
                0x1000f868       0x28 C:/Users/hoobs/.pico-sdk/toolchain/14_2_Rel1/bin/../lib/gcc/arm-none-eabi/14.2.1/thumb/v6-m/nofp\libg.a(libc_a-strtod.o)
 .rodata._mbrtowc_r.str1.4
                0x1000f890        0x1 C:/Users/hoobs/.pico-sdk/toolchain/14_2_Rel1/bin/../lib/gcc/arm-none-eabi/14.2.1/thumb/v6-m/nofp\libg.a(libc_a-mbrtowc.o)
 .rodata.__jp2uc
                0x1000f890       0x20 C:/Users/hoobs/.pico-sdk/toolchain/14_2_Rel1/bin/../lib/gcc/arm-none-eabi/14.2.1/thumb/v6-m/nofp\libg.a(libc_a-jp2uc.o)
 .rodata._jp2uc_l.str1.4
                0x1000f8b0       0x12 C:/Users/hoobs/.pico-sdk/toolchain/14_2_Rel1/bin/../lib/gcc/arm-none-eabi/14.2.1/thumb/v6-m/nofp\libg.a(libc_a-jp2uc.o)
 .rodata.d02f4  0x1000f8b0     0x1a7c C:/Users/hoobs/.pico-sdk/toolchain/14_2_Rel1/bin/../lib/gcc/arm-none-eabi/14.2.1/thumb/v6-m/nofp\libg.a(libc_a-jp2uc.o)
 .rodata.b02cf  0x1001132c     0x172a C:/Users/hoobs/.pico-sdk/toolchain/14_2_Rel1/bin/../lib/gcc/arm-none-eabi/14.2.1/thumb/v6-m/nofp\libg.a(libc_a-jp2uc.o)
 *fill*         0x10012a56        0x2 
 .rodata.a8     0x10012a58       0x40 C:/Users/hoobs/.pico-sdk/toolchain/14_2_Rel1/bin/../lib/gcc/arm-none-eabi/14.2.1/thumb/v6-m/nofp\libg.a(libc_a-jp2uc.o)
 .rodata.a7     0x10012a98       0xa2 C:/Users/hoobs/.pico-sdk/toolchain/14_2_Rel1/bin/../lib/gcc/arm-none-eabi/14.2.1/thumb/v6-m/nofp\libg.a(libc_a-jp2uc.o)
 *fill*         0x10012b3a        0x2 
 .rodata.a6     0x10012b3c       0x70 C:/Users/hoobs/.pico-sdk/toolchain/14_2_Rel1/bin/../lib/gcc/arm-none-eabi/14.2.1/thumb/v6-m/nofp\libg.a(libc_a-jp2uc.o)
 .rodata.a3     0x10012bac       0x5b C:/Users/hoobs/.pico-sdk/toolchain/14_2_Rel1/bin/../lib/gcc/arm-none-eabi/14.2.1/thumb/v6-m/nofp\libg.a(libc_a-jp2uc.o)
 *fill*         0x10012c07        0x1 